Archive member included to satisfy reference by file (symbol)

C:/Program Files/SEGGER/SEGGER Embedded Studio for ARM 6.22a/lib/libc_v7em_fpv4_sp_d16_hard_t_le_eabi_balanced.a(fileops.o)
                              Output/Release/Obj/ble_app_uart_pca10056_s140/main.o (puts)
C:/Program Files/SEGGER/SEGGER Embedded Studio for ARM 6.22a/lib/libc_v7em_fpv4_sp_d16_hard_t_le_eabi_balanced.a(intasmops_arm.o)
                              Output/Release/Obj/ble_app_uart_pca10056_s140/bsp.o (__aeabi_ldivmod)
C:/Program Files/SEGGER/SEGGER Embedded Studio for ARM 6.22a/lib/libc_v7em_fpv4_sp_d16_hard_t_le_eabi_balanced.a(mbops.o)
                              Output/Release/Obj/ble_app_uart_pca10056_s140/nrf_log_str_formatter.o (isprint)
C:/Program Files/SEGGER/SEGGER Embedded Studio for ARM 6.22a/lib/libc_v7em_fpv4_sp_d16_hard_t_le_eabi_balanced.a(sortops.o)
                              C:/Program Files/SEGGER/SEGGER Embedded Studio for ARM 6.22a/lib/libc_v7em_fpv4_sp_d16_hard_t_le_eabi_balanced.a(mbops.o) (bsearch)
C:/Program Files/SEGGER/SEGGER Embedded Studio for ARM 6.22a/lib/libc_v7em_fpv4_sp_d16_hard_t_le_eabi_balanced.a(strasmops_arm.o)
                              Output/Release/Obj/ble_app_uart_pca10056_s140/SEGGER_RTT.o (strcpy)
C:/Program Files/SEGGER/SEGGER Embedded Studio for ARM 6.22a/lib/libc_v7em_fpv4_sp_d16_hard_t_le_eabi_balanced.a(strops.o)
                              Output/Release/Obj/ble_app_uart_pca10056_s140/ble_advdata.o (memcmp)
C:/Program Files/SEGGER/SEGGER Embedded Studio for ARM 6.22a/lib/libc_v7em_fpv4_sp_d16_hard_t_le_eabi_balanced.a(timeops.o)
                              C:/Program Files/SEGGER/SEGGER Embedded Studio for ARM 6.22a/lib/libc_v7em_fpv4_sp_d16_hard_t_le_eabi_balanced.a(mbops.o) (__SEGGER_RTL_string_list_encode)
C:/Program Files/SEGGER/SEGGER Embedded Studio for ARM 6.22a/lib/libc_v7em_fpv4_sp_d16_hard_t_le_eabi_balanced.a(__SEGGER_RTL_vfprintf_long.o)
                              (__SEGGER_RTL_vfprintf_long)
C:/Program Files/SEGGER/SEGGER Embedded Studio for ARM 6.22a/lib/libc_v7em_fpv4_sp_d16_hard_t_le_eabi_balanced.a(__SEGGER_RTL_vfscanf_long.o)
                              (__SEGGER_RTL_vfscanf_long)
C:/Program Files/SEGGER/SEGGER Embedded Studio for ARM 6.22a/lib/libc_v7em_fpv4_sp_d16_hard_t_le_eabi_balanced.a(errno.o)
                              C:/Program Files/SEGGER/SEGGER Embedded Studio for ARM 6.22a/lib/libc_v7em_fpv4_sp_d16_hard_t_le_eabi_balanced.a(fileops.o) (__aeabi_errno_addr)
C:/Program Files/SEGGER/SEGGER Embedded Studio for ARM 6.22a/lib/libc_v7em_fpv4_sp_d16_hard_t_le_eabi_balanced.a(errno_arm.o)
                              C:/Program Files/SEGGER/SEGGER Embedded Studio for ARM 6.22a/lib/libc_v7em_fpv4_sp_d16_hard_t_le_eabi_balanced.a(strops.o) (__aeabi_EDOM)
C:/Program Files/SEGGER/SEGGER Embedded Studio for ARM 6.22a/lib/libc_v7em_fpv4_sp_d16_hard_t_le_eabi_balanced.a(floatasmops_arm.o)
                              C:/Program Files/SEGGER/SEGGER Embedded Studio for ARM 6.22a/lib/libc_v7em_fpv4_sp_d16_hard_t_le_eabi_balanced.a(timeops.o) (__aeabi_i2d)
C:/Program Files/SEGGER/SEGGER Embedded Studio for ARM 6.22a/lib/libc_v7em_fpv4_sp_d16_hard_t_le_eabi_balanced.a(heapops.o)
                              C:/Program Files/SEGGER/SEGGER Embedded Studio for ARM 6.22a/lib/libc_v7em_fpv4_sp_d16_hard_t_le_eabi_balanced.a(mbops.o) (malloc)
C:/Program Files/SEGGER/SEGGER Embedded Studio for ARM 6.22a/lib/libc_v7em_fpv4_sp_d16_hard_t_le_eabi_balanced.a(intops.o)
                              C:/Program Files/SEGGER/SEGGER Embedded Studio for ARM 6.22a/lib/libc_v7em_fpv4_sp_d16_hard_t_le_eabi_balanced.a(timeops.o) (div)
C:/Program Files/SEGGER/SEGGER Embedded Studio for ARM 6.22a/lib/libc_v7em_fpv4_sp_d16_hard_t_le_eabi_balanced.a(utilops.o)
                              C:/Program Files/SEGGER/SEGGER Embedded Studio for ARM 6.22a/lib/libc_v7em_fpv4_sp_d16_hard_t_le_eabi_balanced.a(__SEGGER_RTL_vfscanf_long.o) (__SEGGER_RTL_digit)
C:/Program Files/SEGGER/SEGGER Embedded Studio for ARM 6.22a/lib/libc_v7em_fpv4_sp_d16_hard_t_le_eabi_balanced.a(prinops.o)
                              C:/Program Files/SEGGER/SEGGER Embedded Studio for ARM 6.22a/lib/libc_v7em_fpv4_sp_d16_hard_t_le_eabi_balanced.a(__SEGGER_RTL_vfprintf_long.o) (__SEGGER_RTL_putc)
C:/Program Files/SEGGER/SEGGER Embedded Studio for ARM 6.22a/lib/prinops_rtt_v7em_little.a(prinops_rtt.o)
                              C:/Program Files/SEGGER/SEGGER Embedded Studio for ARM 6.22a/lib/libc_v7em_fpv4_sp_d16_hard_t_le_eabi_balanced.a(fileops.o) (__SEGGER_RTL_X_file_stat)
C:/Program Files/SEGGER/SEGGER Embedded Studio for ARM 6.22a/lib/heapops_basic_v7em_little.a(heapops_basic.o)
                              C:/Program Files/SEGGER/SEGGER Embedded Studio for ARM 6.22a/lib/libc_v7em_fpv4_sp_d16_hard_t_le_eabi_balanced.a(heapops.o) (__SEGGER_RTL_alloc)

Discarded input sections

 .text          0x0000000000000000        0x0 Output/Release/Obj/ble_app_uart_pca10056_s140/thumb_crt0.o
[...]
Memory Configuration

Name             Origin             Length             Attributes
UNPLACED_SECTIONS 0x0000000100000000 0x0000000000000000 xw
RAM1             0x0000000020000000 0x0000000000040000 xw
FLASH            0x0000000000000000 0x0000000000100000 xw
*default*        0x0000000000000000 0xffffffffffffffff

Linker script and memory map

                0x0000000000000000                __SEGGER_RTL_vfprintf = __SEGGER_RTL_vfprintf_long
                0x0000000000000000                __SEGGER_RTL_vfscanf = __SEGGER_RTL_vfscanf_long
                0x0000000020000000                __RAM1_segment_start__ = 0x20000000
                0x0000000020040000                __RAM1_segment_end__ = 0x20040000
                0x0000000000040000                __RAM1_segment_size__ = 0x40000
                0x0000000000000000                __FLASH_segment_start__ = 0x0
                0x0000000000100000                __FLASH_segment_end__ = 0x100000
                0x0000000000100000                __FLASH_segment_size__ = 0x100000
                0x0000000000002000                __HEAPSIZE__ = 0x2000
                0x0000000000000000                __STACKSIZE_PROCESS__ = 0x0
                0x0000000000002000                __STACKSIZE__ = 0x2000
                0x0000000020000000                __reserved_ram_load_start__ = 0x20000000

.reserved_ram   0x0000000020000000     0x2ae8
                0x0000000020000000                __reserved_ram_start__ = .
 *(.reserved_ram .reserved_ram.*)
                0x0000000020002ae8                . = MAX (((__reserved_ram_start__ + 0x20002ae8) - 0x20000000), .)
 *fill*         0x0000000020000000     0x2ae8 
                0x0000000020002ae8                __reserved_ram_end__ = (__reserved_ram_start__ + SIZEOF (.reserved_ram))
                0x0000000000002ae8                __reserved_ram_size__ = SIZEOF (.reserved_ram)
                0x0000000020002ae8                __reserved_ram_load_end__ = __reserved_ram_end__
                0x0000000000000001                . = ASSERT (((__reserved_ram_start__ == __reserved_ram_end__) || ((__reserved_ram_end__ - __RAM1_segment_start__) <= __RAM1_segment_size__)), error: .reserved_ram is too large to fit in RAM1 memory segment)
                0x0000000020002ae8                __vectors_ram_load_start__ = 0x20002ae8

.vectors_ram    0x0000000020002ae8        0x0
                0x0000000020002ae8                __vectors_ram_start__ = .
                0x0000000020002ae8                __app_ram_start__ = __vectors_ram_start__
 *(.vectors_ram .vectors_ram.*)
                0x0000000020002ae8                __vectors_ram_end__ = (__vectors_ram_start__ + SIZEOF (.vectors_ram))
                0x0000000000000000                __vectors_ram_size__ = SIZEOF (.vectors_ram)
                0x0000000020002ae8                __vectors_ram_load_end__ = __vectors_ram_end__
                0x0000000000000001                . = ASSERT (((__vectors_ram_start__ == __vectors_ram_end__) || ((__vectors_ram_end__ - __RAM1_segment_start__) <= __RAM1_segment_size__)), error: .vectors_ram is too large to fit in RAM1 memory segment)
                0x0000000000000001                . = ASSERT ((__reserved_ram_end__ <= __vectors_ram_start__), error: section .reserved_ram overlaps absolute placed section .vectors_ram)
                0x0000000020002ae8                __nrf_sections_run_load_start__ = ALIGN (__vectors_ram_end__, 0x4)

.nrf_sections_run
                0x0000000020002ae8        0x0
                0x0000000020002ae8                __nrf_sections_run_start__ = .
                0x0000000020002ae8                __start_nrf_sections_run = __nrf_sections_run_start__
 *(.nrf_sections_run .nrf_sections_run.*)
                0x0000000020002ae8                __nrf_sections_run_end__ = (__nrf_sections_run_start__ + SIZEOF (.nrf_sections_run))
                0x0000000000000000                __nrf_sections_run_size__ = SIZEOF (.nrf_sections_run)
                0x0000000020002ae8                __nrf_sections_run_load_end__ = __nrf_sections_run_end__
                0x0000000000000001                . = ASSERT (((__nrf_sections_run_start__ == __nrf_sections_run_end__) || ((__nrf_sections_run_end__ - __RAM1_segment_start__) <= __RAM1_segment_size__)), error: .nrf_sections_run is too large to fit in RAM1 memory segment)
                0x0000000000000000                __reserved_flash_load_start__ = 0x0

.reserved_flash
                0x0000000000000000    0x27000
                0x0000000000000000                __reserved_flash_start__ = .
 *(.reserved_flash .reserved_flash.*)
                0x0000000000027000                . = MAX (((__reserved_flash_start__ + 0x27000) - 0x0), .)
 *fill*         0x0000000000000000    0x27000 
                0x0000000000027000                __reserved_flash_end__ = (__reserved_flash_start__ + SIZEOF (.reserved_flash))
                0x0000000000027000                __reserved_flash_size__ = SIZEOF (.reserved_flash)
                0x0000000000027000                __reserved_flash_load_end__ = __reserved_flash_end__
                0x0000000000000001                . = ASSERT (((__reserved_flash_start__ == __reserved_flash_end__) || ((__reserved_flash_end__ - __FLASH_segment_start__) <= __FLASH_segment_size__)), error: .reserved_flash is too large to fit in FLASH memory segment)
                0x0000000000027000                __vectors_load_start__ = 0x27000

.vectors        0x0000000000027000      0x200
                0x0000000000027000                __vectors_start__ = .
 *(.vectors .vectors.*)
 .vectors       0x0000000000027000      0x200 Output/Release/Obj/ble_app_uart_pca10056_s140/ses_startup_nrf52840.o
                0x0000000000027000                _vectors
                0x0000000000027200                __vectors_end__ = (__vectors_start__ + SIZEOF (.vectors))
                0x0000000000000200                __vectors_size__ = SIZEOF (.vectors)
                0x0000000000027200                __vectors_load_end__ = __vectors_end__
                0x0000000000000001                . = ASSERT (((__vectors_start__ == __vectors_end__) || ((__vectors_end__ - __FLASH_segment_start__) <= __FLASH_segment_size__)), error: .vectors is too large to fit in FLASH memory segment)
                0x0000000000000001                . = ASSERT ((__reserved_flash_end__ <= __vectors_start__), error: section .reserved_flash overlaps absolute placed section .vectors)
                0x0000000000027200                __init_load_start__ = ALIGN (__vectors_end__, 0x4)

.init           0x0000000000027200      0x1cc
                0x0000000000027200                __init_start__ = .
 *(.init .init.*)
 .init          0x0000000000027200      0x158 Output/Release/Obj/ble_app_uart_pca10056_s140/thumb_crt0.o
                0x0000000000027200                _start
                0x00000000000272ae                exit
 .init          0x0000000000027358       0x18 Output/Release/Obj/ble_app_uart_pca10056_s140/ses_startup_nrf52840.o
                0x0000000000027358                NMI_Handler
                0x000000000002735a                HardFault_Handler
                0x000000000002735c                MemoryManagement_Handler
                0x000000000002735e                BusFault_Handler
                0x0000000000027360                UsageFault_Handler
                0x0000000000027362                SVC_Handler
                0x0000000000027364                DebugMon_Handler
                0x0000000000027366                PendSV_Handler
                0x0000000000027368                SysTick_Handler
                0x000000000002736a                RADIO_IRQHandler
                0x000000000002736a                PDM_IRQHandler
                0x000000000002736a                TEMP_IRQHandler
                0x000000000002736a                RTC0_IRQHandler
                0x000000000002736a                PWM1_IRQHandler
                0x000000000002736a                TIMER3_IRQHandler
                0x000000000002736a                PWM3_IRQHandler
                0x000000000002736a                FPU_IRQHandler
                0x000000000002736a                USBD_IRQHandler
                0x000000000002736a                SPIM0_SPIS0_TWIM0_TWIS0_SPI0_TWI0_IRQHandler
                0x000000000002736a                QSPI_IRQHandler
                0x000000000002736a                TIMER4_IRQHandler
                0x000000000002736a                CRYPTOCELL_IRQHandler
                0x000000000002736a                QDEC_IRQHandler
                0x000000000002736a                SWI4_EGU4_IRQHandler
                0x000000000002736a                TIMER0_IRQHandler
                0x000000000002736a                UARTE1_IRQHandler
                0x000000000002736a                Dummy_Handler
                0x000000000002736a                TIMER1_IRQHandler
                0x000000000002736a                SPIM3_IRQHandler
                0x000000000002736a                PWM2_IRQHandler
                0x000000000002736a                ECB_IRQHandler
                0x000000000002736a                SPIM1_SPIS1_TWIM1_TWIS1_SPI1_TWI1_IRQHandler
                0x000000000002736a                SAADC_IRQHandler
                0x000000000002736a                CCM_AAR_IRQHandler
                0x000000000002736a                WDT_IRQHandler
                0x000000000002736a                SWI0_EGU0_IRQHandler
                0x000000000002736a                SWI5_EGU5_IRQHandler
                0x000000000002736a                RNG_IRQHandler
                0x000000000002736a                RTC2_IRQHandler
                0x000000000002736a                PWM0_IRQHandler
                0x000000000002736a                SWI3_EGU3_IRQHandler
                0x000000000002736a                SWI1_EGU1_IRQHandler
                0x000000000002736a                SPIM2_SPIS2_SPI2_IRQHandler
                0x000000000002736a                NFCT_IRQHandler
                0x000000000002736a                I2S_IRQHandler
                0x000000000002736a                MWU_IRQHandler
                0x000000000002736a                TIMER2_IRQHandler
                0x000000000002736a                COMP_LPCOMP_IRQHandler
                0x000000000002736c                nRFInitialize
 .init          0x0000000000027370       0x5c Output/Release/Obj/ble_app_uart_pca10056_s140/ses_startup_nrf_common.o
                0x0000000000027370                Reset_Handler
                0x0000000000027374                afterInitialize
                0x0000000000027398                InitializeUserMemorySections
                0x00000000000273cc                __init_end__ = (__init_start__ + SIZEOF (.init))
                0x00000000000001cc                __init_size__ = SIZEOF (.init)
                0x00000000000273cc                __init_load_end__ = __init_end__
                0x0000000000000001                . = ASSERT (((__init_start__ == __init_end__) || ((__init_end__ - __FLASH_segment_start__) <= __FLASH_segment_size__)), error: .init is too large to fit in FLASH memory segment)
                0x00000000000273cc                __init_rodata_load_start__ = ALIGN (__init_end__, 0x4)

.init_rodata    0x00000000000273cc        0x0
                0x00000000000273cc                __init_rodata_start__ = .
 *(.init_rodata .init_rodata.*)
                0x00000000000273cc                __init_rodata_end__ = (__init_rodata_start__ + SIZEOF (.init_rodata))
                0x0000000000000000                __init_rodata_size__ = SIZEOF (.init_rodata)
                0x00000000000273cc                __init_rodata_load_end__ = __init_rodata_end__
                0x0000000000000001                . = ASSERT (((__init_rodata_start__ == __init_rodata_end__) || ((__init_rodata_end__ - __FLASH_segment_start__) <= __FLASH_segment_size__)), error: .init_rodata is too large to fit in FLASH memory segment)
                0x00000000000273cc                __text_load_start__ = ALIGN (__init_rodata_end__, 0x4)

.text           0x00000000000273cc     0x5bd4
                0x00000000000273cc                __text_start__ = .
 *(.text .text.* .gnu.linkonce.t.* .glue_7t .glue_7 .gcc_except_table .ARM.extab* .gnu.linkonce.armextab.*)
 .glue_7        0x00000000000273cc        0x0 linker stubs
 .glue_7t       0x00000000000273cc        0x0 linker stubs
 .text.nrf_log_backend_rtt_flush
                0x00000000000273cc        0x2 Output/Release/Obj/ble_app_uart_pca10056_s140/nrf_log_backend_rtt.o
 *fill*         0x00000000000273ce        0x2 
 .text.nrf_log_backend_rtt_put
                0x00000000000273d0       0x1c Output/Release/Obj/ble_app_uart_pca10056_s140/nrf_log_backend_rtt.o
 .text.serial_tx
                0x00000000000273ec       0x50 Output/Release/Obj/ble_app_uart_pca10056_s140/nrf_log_backend_rtt.o
 .text.nrf_log_backend_rtt_panic_set
                0x000000000002743c        0x2 Output/Release/Obj/ble_app_uart_pca10056_s140/nrf_log_backend_rtt.o
 .text.nrf_log_backend_rtt_init
                0x000000000002743e        0x4 Output/Release/Obj/ble_app_uart_pca10056_s140/nrf_log_backend_rtt.o
                0x000000000002743e                nrf_log_backend_rtt_init
 .text.nrf_log_backend_serial_put
                0x0000000000027442       0xc2 Output/Release/Obj/ble_app_uart_pca10056_s140/nrf_log_backend_serial.o
                0x0000000000027442                nrf_log_backend_serial_put
 .text.nrf_log_default_backends_init
                0x0000000000027504       0x20 Output/Release/Obj/ble_app_uart_pca10056_s140/nrf_log_default_backends.o
                0x0000000000027504                nrf_log_default_backends_init
 .text.invalid_packets_omit
                0x0000000000027524       0x3a Output/Release/Obj/ble_app_uart_pca10056_s140/nrf_log_frontend.o
 *fill*         0x000000000002755e        0x2 
 .text.buf_prealloc
                0x0000000000027560      0x128 Output/Release/Obj/ble_app_uart_pca10056_s140/nrf_log_frontend.o
 .text.nrf_log_init
                0x0000000000027688       0x28 Output/Release/Obj/ble_app_uart_pca10056_s140/nrf_log_frontend.o
                0x0000000000027688                nrf_log_init
 .text.nrf_log_module_name_get
                0x00000000000276b0       0x38 Output/Release/Obj/ble_app_uart_pca10056_s140/nrf_log_frontend.o
                0x00000000000276b0                nrf_log_module_name_get
 .text.nrf_log_color_id_get
                0x00000000000276e8       0x2c Output/Release/Obj/ble_app_uart_pca10056_s140/nrf_log_frontend.o
                0x00000000000276e8                nrf_log_color_id_get
 .text.buffer_is_empty
                0x0000000000027714       0x14 Output/Release/Obj/ble_app_uart_pca10056_s140/nrf_log_frontend.o
                0x0000000000027714                buffer_is_empty
 .text.nrf_log_frontend_dequeue
                0x0000000000027728      0x208 Output/Release/Obj/ble_app_uart_pca10056_s140/nrf_log_frontend.o
                0x0000000000027728                nrf_log_frontend_dequeue
 .text.std_n    0x0000000000027930       0x8c Output/Release/Obj/ble_app_uart_pca10056_s140/nrf_log_frontend.o
 .text.nrf_log_frontend_std_0
                0x00000000000279bc        0x8 Output/Release/Obj/ble_app_uart_pca10056_s140/nrf_log_frontend.o
                0x00000000000279bc                nrf_log_frontend_std_0
 .text.nrf_log_frontend_std_1
                0x00000000000279c4       0x12 Output/Release/Obj/ble_app_uart_pca10056_s140/nrf_log_frontend.o
                0x00000000000279c4                nrf_log_frontend_std_1
 .text.nrf_log_frontend_std_2
                0x00000000000279d6       0x14 Output/Release/Obj/ble_app_uart_pca10056_s140/nrf_log_frontend.o
                0x00000000000279d6                nrf_log_frontend_std_2
 *fill*         0x00000000000279ea        0x2 
 .text.nrf_log_backend_add
                0x00000000000279ec       0x44 Output/Release/Obj/ble_app_uart_pca10056_s140/nrf_log_frontend.o
                0x00000000000279ec                nrf_log_backend_add
 .text.nrf_log_panic
                0x0000000000027a30       0x28 Output/Release/Obj/ble_app_uart_pca10056_s140/nrf_log_frontend.o
                0x0000000000027a30                nrf_log_panic
 .text.prefix_process
                0x0000000000027a58       0x7c Output/Release/Obj/ble_app_uart_pca10056_s140/nrf_log_str_formatter.o
 .text.postfix_process
                0x0000000000027ad4       0x44 Output/Release/Obj/ble_app_uart_pca10056_s140/nrf_log_str_formatter.o
 .text.nrf_log_std_entry_process
                0x0000000000027b18       0xc8 Output/Release/Obj/ble_app_uart_pca10056_s140/nrf_log_str_formatter.o
                0x0000000000027b18                nrf_log_std_entry_process
 .text.nrf_log_hexdump_entry_process
                0x0000000000027be0       0xc0 Output/Release/Obj/ble_app_uart_pca10056_s140/nrf_log_str_formatter.o
                0x0000000000027be0                nrf_log_hexdump_entry_process
 .text.state_set
                0x0000000000027ca0       0x24 Output/Release/Obj/ble_app_uart_pca10056_s140/app_button.o
 .text.button_get
                0x0000000000027cc4       0x30 Output/Release/Obj/ble_app_uart_pca10056_s140/app_button.o
 .text.usr_event
                0x0000000000027cf4       0x20 Output/Release/Obj/ble_app_uart_pca10056_s140/app_button.o
 .text.timer_start
                0x0000000000027d14       0x18 Output/Release/Obj/ble_app_uart_pca10056_s140/app_button.o
 .text.gpiote_event_handler
                0x0000000000027d2c       0x34 Output/Release/Obj/ble_app_uart_pca10056_s140/app_button.o
 .text.evt_handle
                0x0000000000027d60       0xec Output/Release/Obj/ble_app_uart_pca10056_s140/app_button.o
                0x0000000000027d60                evt_handle
 .text.detection_delay_timeout_handler
                0x0000000000027e4c       0x5c Output/Release/Obj/ble_app_uart_pca10056_s140/app_button.o
 .text.app_button_init
                0x0000000000027ea8       0xb0 Output/Release/Obj/ble_app_uart_pca10056_s140/app_button.o
                0x0000000000027ea8                app_button_init
 .text.app_button_enable
                0x0000000000027f58       0x2c Output/Release/Obj/ble_app_uart_pca10056_s140/app_button.o
                0x0000000000027f58                app_button_enable
 .text.app_error_handler_bare
                0x0000000000027f84       0x1a Output/Release/Obj/ble_app_uart_pca10056_s140/app_error.o
                0x0000000000027f84                app_error_handler_bare
 *fill*         0x0000000000027f9e        0x2 
 .text.app_error_fault_handler
                0x0000000000027fa0       0x6c Output/Release/Obj/ble_app_uart_pca10056_s140/app_error_weak.o
                0x0000000000027fa0                app_error_fault_handler
 .text.app_fifo_init
                0x000000000002800c       0x1e Output/Release/Obj/ble_app_uart_pca10056_s140/app_fifo.o
                0x000000000002800c                app_fifo_init
 .text.app_fifo_put
                0x000000000002802a       0x24 Output/Release/Obj/ble_app_uart_pca10056_s140/app_fifo.o
                0x000000000002802a                app_fifo_put
 .text.app_fifo_get
                0x000000000002804e       0x22 Output/Release/Obj/ble_app_uart_pca10056_s140/app_fifo.o
                0x000000000002804e                app_fifo_get
 .text.compare_func
                0x0000000000028070       0x18 Output/Release/Obj/ble_app_uart_pca10056_s140/app_timer2.o
 .text.get_now  0x0000000000028088       0x38 Output/Release/Obj/ble_app_uart_pca10056_s140/app_timer2.o
 .text.timer_req_schedule
                0x00000000000280c0       0x38 Output/Release/Obj/ble_app_uart_pca10056_s140/app_timer2.o
 .text.timer_expire
                0x00000000000280f8       0x6c Output/Release/Obj/ble_app_uart_pca10056_s140/app_timer2.o
 .text.app_timer_init
                0x0000000000028164       0x64 Output/Release/Obj/ble_app_uart_pca10056_s140/app_timer2.o
                0x0000000000028164                app_timer_init
 .text.app_timer_create
                0x00000000000281c8       0x16 Output/Release/Obj/ble_app_uart_pca10056_s140/app_timer2.o
                0x00000000000281c8                app_timer_create
 .text.app_timer_start
                0x00000000000281de       0x30 Output/Release/Obj/ble_app_uart_pca10056_s140/app_timer2.o
                0x00000000000281de                app_timer_start
 .text.app_timer_stop
                0x000000000002820e        0xc Output/Release/Obj/ble_app_uart_pca10056_s140/app_timer2.o
                0x000000000002820e                app_timer_stop
 *fill*         0x000000000002821a        0x2 
 .text.app_timer_cnt_get
                0x000000000002821c        0xc Output/Release/Obj/ble_app_uart_pca10056_s140/app_timer2.o
                0x000000000002821c                app_timer_cnt_get
 .text.rtc_irq  0x0000000000028228      0x190 Output/Release/Obj/ble_app_uart_pca10056_s140/app_timer2.o
 .text.nrf_drv_uart_rx.constprop.0
                0x00000000000283b8       0x28 Output/Release/Obj/ble_app_uart_pca10056_s140/app_uart_fifo.o
 .text.nrf_drv_uart_tx.constprop.0
                0x00000000000283e0       0x28 Output/Release/Obj/ble_app_uart_pca10056_s140/app_uart_fifo.o
 .text.uart_event_handler
                0x0000000000028408       0xa0 Output/Release/Obj/ble_app_uart_pca10056_s140/app_uart_fifo.o
 .text.app_uart_init
                0x00000000000284a8       0xb0 Output/Release/Obj/ble_app_uart_pca10056_s140/app_uart_fifo.o
                0x00000000000284a8                app_uart_init
 .text.app_uart_get
                0x0000000000028558       0x2c Output/Release/Obj/ble_app_uart_pca10056_s140/app_uart_fifo.o
                0x0000000000028558                app_uart_get
 .text.app_uart_put
                0x0000000000028584       0x50 Output/Release/Obj/ble_app_uart_pca10056_s140/app_uart_fifo.o
                0x0000000000028584                app_uart_put
 .text.app_util_critical_region_enter
                0x00000000000285d4       0x48 Output/Release/Obj/ble_app_uart_pca10056_s140/app_util_platform.o
                0x00000000000285d4                app_util_critical_region_enter
 .text.app_util_critical_region_exit
                0x000000000002861c       0x2c Output/Release/Obj/ble_app_uart_pca10056_s140/app_util_platform.o
                0x000000000002861c                app_util_critical_region_exit
 .text.evt_pending.isra.0
                0x0000000000028648       0x1a Output/Release/Obj/ble_app_uart_pca10056_s140/drv_rtc.o
 *fill*         0x0000000000028662        0x2 
 .text.drv_rtc_init
                0x0000000000028664       0xa4 Output/Release/Obj/ble_app_uart_pca10056_s140/drv_rtc.o
                0x0000000000028664                drv_rtc_init
 .text.drv_rtc_start
                0x0000000000028708        0x8 Output/Release/Obj/ble_app_uart_pca10056_s140/drv_rtc.o
                0x0000000000028708                drv_rtc_start
 .text.drv_rtc_stop
                0x0000000000028710        0x8 Output/Release/Obj/ble_app_uart_pca10056_s140/drv_rtc.o
                0x0000000000028710                drv_rtc_stop
 .text.drv_rtc_compare_set
                0x0000000000028718       0x3e Output/Release/Obj/ble_app_uart_pca10056_s140/drv_rtc.o
                0x0000000000028718                drv_rtc_compare_set
 *fill*         0x0000000000028756        0x2 
 .text.drv_rtc_windowed_compare_set
                0x0000000000028758       0xf0 Output/Release/Obj/ble_app_uart_pca10056_s140/drv_rtc.o
                0x0000000000028758                drv_rtc_windowed_compare_set
 .text.drv_rtc_overflow_enable
                0x0000000000028848       0x10 Output/Release/Obj/ble_app_uart_pca10056_s140/drv_rtc.o
                0x0000000000028848                drv_rtc_overflow_enable
 .text.drv_rtc_overflow_pending
                0x0000000000028858        0xa Output/Release/Obj/ble_app_uart_pca10056_s140/drv_rtc.o
                0x0000000000028858                drv_rtc_overflow_pending
 .text.drv_rtc_compare_disable
                0x0000000000028862       0x14 Output/Release/Obj/ble_app_uart_pca10056_s140/drv_rtc.o
                0x0000000000028862                drv_rtc_compare_disable
 .text.drv_rtc_compare_pending
                0x0000000000028876        0xc Output/Release/Obj/ble_app_uart_pca10056_s140/drv_rtc.o
                0x0000000000028876                drv_rtc_compare_pending
 .text.drv_rtc_counter_get
                0x0000000000028882        0x8 Output/Release/Obj/ble_app_uart_pca10056_s140/drv_rtc.o
                0x0000000000028882                drv_rtc_counter_get
 *fill*         0x000000000002888a        0x2 
 .text.drv_rtc_irq_trigger
                0x000000000002888c       0x24 Output/Release/Obj/ble_app_uart_pca10056_s140/drv_rtc.o
                0x000000000002888c                drv_rtc_irq_trigger
 .text.RTC1_IRQHandler
                0x00000000000288b0       0x14 Output/Release/Obj/ble_app_uart_pca10056_s140/drv_rtc.o
                0x00000000000288b0                RTC1_IRQHandler
 .text.nrf_atfifo_init
                0x00000000000288c4       0x26 Output/Release/Obj/ble_app_uart_pca10056_s140/nrf_atfifo.o
                0x00000000000288c4                nrf_atfifo_init
 .text.nrf_atfifo_item_alloc
                0x00000000000288ea       0x54 Output/Release/Obj/ble_app_uart_pca10056_s140/nrf_atfifo.o
                0x00000000000288ea                nrf_atfifo_item_alloc
 .text.nrf_atfifo_item_put
                0x000000000002893e       0x20 Output/Release/Obj/ble_app_uart_pca10056_s140/nrf_atfifo.o
                0x000000000002893e                nrf_atfifo_item_put
 .text.nrf_atfifo_item_get
                0x000000000002895e       0x56 Output/Release/Obj/ble_app_uart_pca10056_s140/nrf_atfifo.o
                0x000000000002895e                nrf_atfifo_item_get
 .text.nrf_atfifo_item_free
                0x00000000000289b4       0x20 Output/Release/Obj/ble_app_uart_pca10056_s140/nrf_atfifo.o
                0x00000000000289b4                nrf_atfifo_item_free
 .text.nrf_atflags_set
                0x00000000000289d4       0x12 Output/Release/Obj/ble_app_uart_pca10056_s140/nrf_atflags.o
                0x00000000000289d4                nrf_atflags_set
 .text.nrf_atflags_clear
                0x00000000000289e6       0x14 Output/Release/Obj/ble_app_uart_pca10056_s140/nrf_atflags.o
                0x00000000000289e6                nrf_atflags_clear
 .text.nrf_atflags_get
                0x00000000000289fa       0x12 Output/Release/Obj/ble_app_uart_pca10056_s140/nrf_atflags.o
                0x00000000000289fa                nrf_atflags_get
 .text.nrf_atomic_u32_fetch_store
                0x0000000000028a0c       0x16 Output/Release/Obj/ble_app_uart_pca10056_s140/nrf_atomic.o
                0x0000000000028a0c                nrf_atomic_u32_fetch_store
 .text.nrf_atomic_u32_or
                0x0000000000028a22       0x18 Output/Release/Obj/ble_app_uart_pca10056_s140/nrf_atomic.o
                0x0000000000028a22                nrf_atomic_u32_or
 .text.nrf_atomic_u32_fetch_and
                0x0000000000028a3a       0x18 Output/Release/Obj/ble_app_uart_pca10056_s140/nrf_atomic.o
                0x0000000000028a3a                nrf_atomic_u32_fetch_and
 .text.nrf_atomic_u32_and
                0x0000000000028a52       0x18 Output/Release/Obj/ble_app_uart_pca10056_s140/nrf_atomic.o
                0x0000000000028a52                nrf_atomic_u32_and
 .text.nrf_atomic_u32_add
                0x0000000000028a6a       0x18 Output/Release/Obj/ble_app_uart_pca10056_s140/nrf_atomic.o
                0x0000000000028a6a                nrf_atomic_u32_add
 .text.nrf_atomic_u32_sub
                0x0000000000028a82       0x18 Output/Release/Obj/ble_app_uart_pca10056_s140/nrf_atomic.o
                0x0000000000028a82                nrf_atomic_u32_sub
 .text.nrf_atomic_flag_set
                0x0000000000028a9a        0x6 Output/Release/Obj/ble_app_uart_pca10056_s140/nrf_atomic.o
                0x0000000000028a9a                nrf_atomic_flag_set
 .text.nrf_atomic_flag_clear_fetch
                0x0000000000028aa0        0x6 Output/Release/Obj/ble_app_uart_pca10056_s140/nrf_atomic.o
                0x0000000000028aa0                nrf_atomic_flag_clear_fetch
 .text.nrf_balloc_init
                0x0000000000028aa6       0x2e Output/Release/Obj/ble_app_uart_pca10056_s140/nrf_balloc.o
                0x0000000000028aa6                nrf_balloc_init
 .text.nrf_balloc_alloc
                0x0000000000028ad4       0x48 Output/Release/Obj/ble_app_uart_pca10056_s140/nrf_balloc.o
                0x0000000000028ad4                nrf_balloc_alloc
 .text.nrf_balloc_free
                0x0000000000028b1c       0x34 Output/Release/Obj/ble_app_uart_pca10056_s140/nrf_balloc.o
                0x0000000000028b1c                nrf_balloc_free
 .text.nrf_fprintf_buffer_flush
                0x0000000000028b50       0x16 Output/Release/Obj/ble_app_uart_pca10056_s140/nrf_fprintf.o
                0x0000000000028b50                nrf_fprintf_buffer_flush
 .text.nrf_fprintf
                0x0000000000028b66       0x1c Output/Release/Obj/ble_app_uart_pca10056_s140/nrf_fprintf.o
                0x0000000000028b66                nrf_fprintf
 .text.buffer_add
                0x0000000000028b82       0x2e Output/Release/Obj/ble_app_uart_pca10056_s140/nrf_fprintf_format.o
 .text.unsigned_print
                0x0000000000028bb0       0xb4 Output/Release/Obj/ble_app_uart_pca10056_s140/nrf_fprintf_format.o
 .text.nrf_fprintf_fmt
                0x0000000000028c64      0x294 Output/Release/Obj/ble_app_uart_pca10056_s140/nrf_fprintf_format.o
                0x0000000000028c64                nrf_fprintf_fmt
 .text.memobj_op
                0x0000000000028ef8       0x86 Output/Release/Obj/ble_app_uart_pca10056_s140/nrf_memobj.o
 .text.nrf_memobj_pool_init
                0x0000000000028f7e        0x4 Output/Release/Obj/ble_app_uart_pca10056_s140/nrf_memobj.o
                0x0000000000028f7e                nrf_memobj_pool_init
 .text.nrf_memobj_free
                0x0000000000028f82       0x2c Output/Release/Obj/ble_app_uart_pca10056_s140/nrf_memobj.o
                0x0000000000028f82                nrf_memobj_free
 .text.nrf_memobj_alloc
                0x0000000000028fae       0x5e Output/Release/Obj/ble_app_uart_pca10056_s140/nrf_memobj.o
                0x0000000000028fae                nrf_memobj_alloc
 .text.nrf_memobj_get
                0x000000000002900c        0x8 Output/Release/Obj/ble_app_uart_pca10056_s140/nrf_memobj.o
                0x000000000002900c                nrf_memobj_get
 .text.nrf_memobj_put
                0x0000000000029014       0x1c Output/Release/Obj/ble_app_uart_pca10056_s140/nrf_memobj.o
                0x0000000000029014                nrf_memobj_put
 .text.nrf_memobj_write
                0x0000000000029030       0x14 Output/Release/Obj/ble_app_uart_pca10056_s140/nrf_memobj.o
                0x0000000000029030                nrf_memobj_write
 .text.nrf_memobj_read
                0x0000000000029044       0x14 Output/Release/Obj/ble_app_uart_pca10056_s140/nrf_memobj.o
                0x0000000000029044                nrf_memobj_read
 .text.sd_app_evt_wait
                0x0000000000029058        0x4 Output/Release/Obj/ble_app_uart_pca10056_s140/nrf_pwr_mgmt.o
 .text.nrf_pwr_mgmt_init
                0x000000000002905c       0x2c Output/Release/Obj/ble_app_uart_pca10056_s140/nrf_pwr_mgmt.o
                0x000000000002905c                nrf_pwr_mgmt_init
 .text.nrf_pwr_mgmt_run
                0x0000000000029088       0x50 Output/Release/Obj/ble_app_uart_pca10056_s140/nrf_pwr_mgmt.o
                0x0000000000029088                nrf_pwr_mgmt_run
 .text.nrf_ringbuf_init
                0x00000000000290d8       0x12 Output/Release/Obj/ble_app_uart_pca10056_s140/nrf_ringbuf.o
                0x00000000000290d8                nrf_ringbuf_init
 .text.nrf_section_iter_init
                0x00000000000290ea       0x14 Output/Release/Obj/ble_app_uart_pca10056_s140/nrf_section_iter.o
                0x00000000000290ea                nrf_section_iter_init
 .text.nrf_section_iter_next
                0x00000000000290fe       0x18 Output/Release/Obj/ble_app_uart_pca10056_s140/nrf_section_iter.o
                0x00000000000290fe                nrf_section_iter_next
 .text.nrf_sortlist_add
                0x0000000000029116       0x20 Output/Release/Obj/ble_app_uart_pca10056_s140/nrf_sortlist.o
                0x0000000000029116                nrf_sortlist_add
 .text.nrf_sortlist_pop
                0x0000000000029136        0xc Output/Release/Obj/ble_app_uart_pca10056_s140/nrf_sortlist.o
                0x0000000000029136                nrf_sortlist_pop
 .text.nrf_sortlist_peek
                0x0000000000029142        0x6 Output/Release/Obj/ble_app_uart_pca10056_s140/nrf_sortlist.o
                0x0000000000029142                nrf_sortlist_peek
 .text.nrf_sortlist_remove
                0x0000000000029148       0x1a Output/Release/Obj/ble_app_uart_pca10056_s140/nrf_sortlist.o
                0x0000000000029148                nrf_sortlist_remove
 *fill*         0x0000000000029162        0x2 
 .text.nrf_strerror_find
                0x0000000000029164       0x3c Output/Release/Obj/ble_app_uart_pca10056_s140/nrf_strerror.o
                0x0000000000029164                nrf_strerror_find
 .text.nrf_strerror_get
                0x00000000000291a0       0x14 Output/Release/Obj/ble_app_uart_pca10056_s140/nrf_strerror.o
                0x00000000000291a0                nrf_strerror_get
 .text.nrf52_errata_36
                0x00000000000291b4       0x12 Output/Release/Obj/ble_app_uart_pca10056_s140/system_nrf52840.o
 *fill*         0x00000000000291c6        0x2 
 .text.nrf52_errata_98
                0x00000000000291c8       0x24 Output/Release/Obj/ble_app_uart_pca10056_s140/system_nrf52840.o
 .text.SystemInit
                0x00000000000291ec      0x1d4 Output/Release/Obj/ble_app_uart_pca10056_s140/system_nrf52840.o
                0x00000000000291ec                SystemInit
 .text.bsp_board_led_state_get
                0x00000000000293c0       0x28 Output/Release/Obj/ble_app_uart_pca10056_s140/boards.o
                0x00000000000293c0                bsp_board_led_state_get
 .text.bsp_board_led_on
                0x00000000000293e8       0x28 Output/Release/Obj/ble_app_uart_pca10056_s140/boards.o
                0x00000000000293e8                bsp_board_led_on
 .text.bsp_board_led_off
                0x0000000000029410       0x28 Output/Release/Obj/ble_app_uart_pca10056_s140/boards.o
                0x0000000000029410                bsp_board_led_off
 .text.bsp_board_leds_off
                0x0000000000029438       0x1e Output/Release/Obj/ble_app_uart_pca10056_s140/boards.o
                0x0000000000029438                bsp_board_leds_off
 .text.bsp_board_leds_on
                0x0000000000029456       0x1e Output/Release/Obj/ble_app_uart_pca10056_s140/boards.o
                0x0000000000029456                bsp_board_leds_on
 .text.bsp_board_led_invert
                0x0000000000029474       0x34 Output/Release/Obj/ble_app_uart_pca10056_s140/boards.o
                0x0000000000029474                bsp_board_led_invert
 .text.bsp_board_button_state_get
                0x00000000000294a8       0x28 Output/Release/Obj/ble_app_uart_pca10056_s140/boards.o
                0x00000000000294a8                bsp_board_button_state_get
 .text.bsp_board_pin_to_button_idx
                0x00000000000294d0       0x24 Output/Release/Obj/ble_app_uart_pca10056_s140/boards.o
                0x00000000000294d0                bsp_board_pin_to_button_idx
 .text.bsp_board_button_idx_to_pin
                0x00000000000294f4        0xc Output/Release/Obj/ble_app_uart_pca10056_s140/boards.o
                0x00000000000294f4                bsp_board_button_idx_to_pin
 .text.bsp_board_init
                0x0000000000029500       0x3e Output/Release/Obj/ble_app_uart_pca10056_s140/boards.o
                0x0000000000029500                bsp_board_init
 *fill*         0x000000000002953e        0x2 
 .text.clock_clk_started_notify
                0x0000000000029540       0x24 Output/Release/Obj/ble_app_uart_pca10056_s140/nrf_drv_clock.o
 .text.clock_irq_handler
                0x0000000000029564       0x1c Output/Release/Obj/ble_app_uart_pca10056_s140/nrf_drv_clock.o
 .text.soc_evt_handler
                0x0000000000029580       0x14 Output/Release/Obj/ble_app_uart_pca10056_s140/nrf_drv_clock.o
 .text.nrf_drv_clock_init
                0x0000000000029594       0x48 Output/Release/Obj/ble_app_uart_pca10056_s140/nrf_drv_clock.o
                0x0000000000029594                nrf_drv_clock_init
 .text.nrf_drv_clock_lfclk_release
                0x00000000000295dc       0x40 Output/Release/Obj/ble_app_uart_pca10056_s140/nrf_drv_clock.o
                0x00000000000295dc                nrf_drv_clock_lfclk_release
 .text.sd_state_evt_handler
                0x000000000002961c       0x64 Output/Release/Obj/ble_app_uart_pca10056_s140/nrf_drv_clock.o
 .text.uarte_evt_handler
                0x0000000000029680       0x34 Output/Release/Obj/ble_app_uart_pca10056_s140/nrf_drv_uart.o
 .text.uart_evt_handler
                0x00000000000296b4       0x34 Output/Release/Obj/ble_app_uart_pca10056_s140/nrf_drv_uart.o
 .text.nrf_drv_uart_init
                0x00000000000296e8       0x7c Output/Release/Obj/ble_app_uart_pca10056_s140/nrf_drv_uart.o
                0x00000000000296e8                nrf_drv_uart_init
 .text.nrf_clock_event_clear
                0x0000000000029764       0x14 Output/Release/Obj/ble_app_uart_pca10056_s140/nrfx_clock.o
 .text.nrfx_clock_init
                0x0000000000029778       0x18 Output/Release/Obj/ble_app_uart_pca10056_s140/nrfx_clock.o
                0x0000000000029778                nrfx_clock_init
 .text.nrfx_clock_enable
                0x0000000000029790       0x24 Output/Release/Obj/ble_app_uart_pca10056_s140/nrfx_clock.o
                0x0000000000029790                nrfx_clock_enable
 .text.nrfx_clock_lfclk_stop
                0x00000000000297b4       0x22 Output/Release/Obj/ble_app_uart_pca10056_s140/nrfx_clock.o
                0x00000000000297b4                nrfx_clock_lfclk_stop
 *fill*         0x00000000000297d6        0x2 
 .text.POWER_CLOCK_IRQHandler
                0x00000000000297d8       0x50 Output/Release/Obj/ble_app_uart_pca10056_s140/nrfx_clock.o
                0x00000000000297d8                POWER_CLOCK_IRQHandler
 .text.nrf_gpiote_event_clear
                0x0000000000029828       0x18 Output/Release/Obj/ble_app_uart_pca10056_s140/nrfx_gpiote.o
 .text.nrf_gpio_pin_port_decode
                0x0000000000029840       0x18 Output/Release/Obj/ble_app_uart_pca10056_s140/nrfx_gpiote.o
 .text.nrf_gpio_cfg_sense_set
                0x0000000000029858       0x2e Output/Release/Obj/ble_app_uart_pca10056_s140/nrfx_gpiote.o
 *fill*         0x0000000000029886        0x2 
 .text.channel_free
                0x0000000000029888       0x1c Output/Release/Obj/ble_app_uart_pca10056_s140/nrfx_gpiote.o
 .text.nrfx_gpiote_init
                0x00000000000298a4       0x88 Output/Release/Obj/ble_app_uart_pca10056_s140/nrfx_gpiote.o
                0x00000000000298a4                nrfx_gpiote_init
 .text.nrfx_gpiote_is_init
                0x000000000002992c       0x14 Output/Release/Obj/ble_app_uart_pca10056_s140/nrfx_gpiote.o
                0x000000000002992c                nrfx_gpiote_is_init
 .text.nrfx_gpiote_in_init
                0x0000000000029940      0x100 Output/Release/Obj/ble_app_uart_pca10056_s140/nrfx_gpiote.o
                0x0000000000029940                nrfx_gpiote_in_init
 .text.nrfx_gpiote_in_event_enable
                0x0000000000029a40       0x9c Output/Release/Obj/ble_app_uart_pca10056_s140/nrfx_gpiote.o
                0x0000000000029a40                nrfx_gpiote_in_event_enable
 .text.nrfx_gpiote_in_is_set
                0x0000000000029adc       0x1c Output/Release/Obj/ble_app_uart_pca10056_s140/nrfx_gpiote.o
                0x0000000000029adc                nrfx_gpiote_in_is_set
 .text.GPIOTE_IRQHandler
                0x0000000000029af8      0x17c Output/Release/Obj/ble_app_uart_pca10056_s140/nrfx_gpiote.o
                0x0000000000029af8                GPIOTE_IRQHandler
 .text.UARTE0_UART0_IRQHandler
                0x0000000000029c74        0xc Output/Release/Obj/ble_app_uart_pca10056_s140/nrfx_prs.o
                0x0000000000029c74                UARTE0_UART0_IRQHandler
 .text.nrfx_prs_acquire
                0x0000000000029c80       0x44 Output/Release/Obj/ble_app_uart_pca10056_s140/nrfx_prs.o
                0x0000000000029c80                nrfx_prs_acquire
 .text.nrf_uart_event_clear
                0x0000000000029cc4       0x10 Output/Release/Obj/ble_app_uart_pca10056_s140/nrfx_uart.o
 .text.tx_byte  0x0000000000029cd4       0x1e Output/Release/Obj/ble_app_uart_pca10056_s140/nrfx_uart.o
 .text.rx_enable
                0x0000000000029cf2       0x20 Output/Release/Obj/ble_app_uart_pca10056_s140/nrfx_uart.o
 .text.rx_byte  0x0000000000029d12       0x2c Output/Release/Obj/ble_app_uart_pca10056_s140/nrfx_uart.o
 *fill*         0x0000000000029d3e        0x2 
 .text.rx_done_event.constprop.0
                0x0000000000029d40       0x20 Output/Release/Obj/ble_app_uart_pca10056_s140/nrfx_uart.o
 .text.nrfx_uart_0_irq_handler
                0x0000000000029d60      0x140 Output/Release/Obj/ble_app_uart_pca10056_s140/nrfx_uart.o
                0x0000000000029d60                nrfx_uart_0_irq_handler
 .text.nrfx_uart_init
                0x0000000000029ea0      0x1a0 Output/Release/Obj/ble_app_uart_pca10056_s140/nrfx_uart.o
                0x0000000000029ea0                nrfx_uart_init
 .text.nrfx_uart_tx_in_progress
                0x000000000002a040       0x18 Output/Release/Obj/ble_app_uart_pca10056_s140/nrfx_uart.o
                0x000000000002a040                nrfx_uart_tx_in_progress
 .text.nrfx_uart_tx
                0x000000000002a058       0xa0 Output/Release/Obj/ble_app_uart_pca10056_s140/nrfx_uart.o
                0x000000000002a058                nrfx_uart_tx
 .text.nrfx_uart_rx
                0x000000000002a0f8       0xf4 Output/Release/Obj/ble_app_uart_pca10056_s140/nrfx_uart.o
                0x000000000002a0f8                nrfx_uart_rx
 .text.nrf_uarte_event_clear
                0x000000000002a1ec       0x10 Output/Release/Obj/ble_app_uart_pca10056_s140/nrfx_uarte.o
 .text.rx_done_event.constprop.0
                0x000000000002a1fc       0x20 Output/Release/Obj/ble_app_uart_pca10056_s140/nrfx_uarte.o
 .text.nrfx_uarte_0_irq_handler
                0x000000000002a21c      0x118 Output/Release/Obj/ble_app_uart_pca10056_s140/nrfx_uarte.o
                0x000000000002a21c                nrfx_uarte_0_irq_handler
 .text.nrfx_uarte_init
                0x000000000002a334      0x1b8 Output/Release/Obj/ble_app_uart_pca10056_s140/nrfx_uarte.o
                0x000000000002a334                nrfx_uarte_init
 .text.nrfx_uarte_tx_in_progress
                0x000000000002a4ec       0x18 Output/Release/Obj/ble_app_uart_pca10056_s140/nrfx_uarte.o
                0x000000000002a4ec                nrfx_uarte_tx_in_progress
 .text.nrfx_uarte_tx
                0x000000000002a504       0x9c Output/Release/Obj/ble_app_uart_pca10056_s140/nrfx_uarte.o
                0x000000000002a504                nrfx_uarte_tx
 .text.nrfx_uarte_rx
                0x000000000002a5a0       0xd8 Output/Release/Obj/ble_app_uart_pca10056_s140/nrfx_uarte.o
                0x000000000002a5a0                nrfx_uarte_rx
 .text.nrf_gpio_cfg_sense_set
                0x000000000002a678       0x30 Output/Release/Obj/ble_app_uart_pca10056_s140/bsp.o
 .text.alert_timer_handler
                0x000000000002a6a8        0x6 Output/Release/Obj/ble_app_uart_pca10056_s140/bsp.o
 *fill*         0x000000000002a6ae        0x2 
 .text.bsp_button_event_handler
                0x000000000002a6b0       0x9c Output/Release/Obj/ble_app_uart_pca10056_s140/bsp.o
 .text.button_timer_handler
                0x000000000002a74c        0x8 Output/Release/Obj/ble_app_uart_pca10056_s140/bsp.o
 .text.leds_off
                0x000000000002a754       0x2c Output/Release/Obj/ble_app_uart_pca10056_s140/bsp.o
 .text.bsp_led_indication
                0x000000000002a780      0x200 Output/Release/Obj/ble_app_uart_pca10056_s140/bsp.o
 .text.leds_timer_handler
                0x000000000002a980       0x1c Output/Release/Obj/ble_app_uart_pca10056_s140/bsp.o
 .text.bsp_button_is_pressed
                0x000000000002a99c        0xc Output/Release/Obj/ble_app_uart_pca10056_s140/bsp.o
                0x000000000002a99c                bsp_button_is_pressed
 .text.bsp_indication_set
                0x000000000002a9a8       0x18 Output/Release/Obj/ble_app_uart_pca10056_s140/bsp.o
                0x000000000002a9a8                bsp_indication_set
 .text.bsp_init
                0x000000000002a9c0       0x9c Output/Release/Obj/ble_app_uart_pca10056_s140/bsp.o
                0x000000000002a9c0                bsp_init
 .text.bsp_event_to_button_action_assign
                0x000000000002aa5c       0x4c Output/Release/Obj/ble_app_uart_pca10056_s140/bsp.o
                0x000000000002aa5c                bsp_event_to_button_action_assign
 .text.bsp_wakeup_button_enable
                0x000000000002aaa8       0x18 Output/Release/Obj/ble_app_uart_pca10056_s140/bsp.o
                0x000000000002aaa8                bsp_wakeup_button_enable
 .text.advertising_buttons_configure
                0x000000000002aac0       0x36 Output/Release/Obj/ble_app_uart_pca10056_s140/bsp_btn_ble.o
 *fill*         0x000000000002aaf6        0x2 
 .text.ble_evt_handler
                0x000000000002aaf8       0x80 Output/Release/Obj/ble_app_uart_pca10056_s140/bsp_btn_ble.o
 .text.bsp_btn_ble_sleep_mode_prepare
                0x000000000002ab78       0x1e Output/Release/Obj/ble_app_uart_pca10056_s140/bsp_btn_ble.o
                0x000000000002ab78                bsp_btn_ble_sleep_mode_prepare
 *fill*         0x000000000002ab96        0x2 
 .text.bsp_btn_ble_init
                0x000000000002ab98       0x40 Output/Release/Obj/ble_app_uart_pca10056_s140/bsp_btn_ble.o
                0x000000000002ab98                bsp_btn_ble_init
 .text.sd_ble_gap_disconnect
                0x000000000002abd8        0x4 Output/Release/Obj/ble_app_uart_pca10056_s140/main.o
 .text.sd_ble_gap_ppcp_set
                0x000000000002abdc        0x4 Output/Release/Obj/ble_app_uart_pca10056_s140/main.o
 .text.sd_ble_gap_device_name_set
                0x000000000002abe0        0x4 Output/Release/Obj/ble_app_uart_pca10056_s140/main.o
 .text.sd_ble_gap_sec_params_reply
                0x000000000002abe4        0x4 Output/Release/Obj/ble_app_uart_pca10056_s140/main.o
 .text.sd_ble_gap_phy_update
                0x000000000002abe8        0x4 Output/Release/Obj/ble_app_uart_pca10056_s140/main.o
 .text.sd_ble_gatts_sys_attr_set
                0x000000000002abec        0x4 Output/Release/Obj/ble_app_uart_pca10056_s140/main.o
 .text.sd_power_system_off
                0x000000000002abf0        0x4 Output/Release/Obj/ble_app_uart_pca10056_s140/main.o
 .text.nrf_qwr_error_handler
                0x000000000002abf4        0x4 Output/Release/Obj/ble_app_uart_pca10056_s140/main.o
 .text.sleep_mode_enter
                0x000000000002abf8       0x28 Output/Release/Obj/ble_app_uart_pca10056_s140/main.o
 .text.ble_evt_handler
                0x000000000002ac20       0xe0 Output/Release/Obj/ble_app_uart_pca10056_s140/main.o
 .text.on_conn_params_evt
                0x000000000002ad00       0x20 Output/Release/Obj/ble_app_uart_pca10056_s140/main.o
 .text.bsp_event_handler
                0x000000000002ad20       0x4c Output/Release/Obj/ble_app_uart_pca10056_s140/main.o
                0x000000000002ad20                bsp_event_handler
 .text.on_adv_evt
                0x000000000002ad6c       0x22 Output/Release/Obj/ble_app_uart_pca10056_s140/main.o
 *fill*         0x000000000002ad8e        0x2 
 .text.uart_event_handle
                0x000000000002ad90       0x90 Output/Release/Obj/ble_app_uart_pca10056_s140/main.o
                0x000000000002ad90                uart_event_handle
 .text.nus_data_handler
                0x000000000002ae20       0x6c Output/Release/Obj/ble_app_uart_pca10056_s140/main.o
 .text.gatt_evt_handler
                0x000000000002ae8c       0x4c Output/Release/Obj/ble_app_uart_pca10056_s140/main.o
                0x000000000002ae8c                gatt_evt_handler
 .text.conn_params_error_handler
                0x000000000002aed8        0x4 Output/Release/Obj/ble_app_uart_pca10056_s140/main.o
 .text.gatt_init
                0x000000000002aedc       0x2c Output/Release/Obj/ble_app_uart_pca10056_s140/main.o
                0x000000000002aedc                gatt_init
 .text.startup.main
                0x000000000002af08      0x204 Output/Release/Obj/ble_app_uart_pca10056_s140/main.o
                0x000000000002af08                main
 .text._GetAvailWriteSpace
                0x000000000002b10c       0x12 Output/Release/Obj/ble_app_uart_pca10056_s140/SEGGER_RTT.o
 .text._WriteNoCheck
                0x000000000002b11e       0x38 Output/Release/Obj/ble_app_uart_pca10056_s140/SEGGER_RTT.o
 .text._WriteBlocking
                0x000000000002b156       0x52 Output/Release/Obj/ble_app_uart_pca10056_s140/SEGGER_RTT.o
 .text._DoInit  0x000000000002b1a8       0x60 Output/Release/Obj/ble_app_uart_pca10056_s140/SEGGER_RTT.o
 .text.SEGGER_RTT_WriteNoLock
                0x000000000002b208       0x60 Output/Release/Obj/ble_app_uart_pca10056_s140/SEGGER_RTT.o
                0x000000000002b208                SEGGER_RTT_WriteNoLock
 .text.SEGGER_RTT_Write
                0x000000000002b268       0x40 Output/Release/Obj/ble_app_uart_pca10056_s140/SEGGER_RTT.o
                0x000000000002b268                SEGGER_RTT_Write
 .text.SEGGER_RTT_Init
                0x000000000002b2a8        0x4 Output/Release/Obj/ble_app_uart_pca10056_s140/SEGGER_RTT.o
                0x000000000002b2a8                SEGGER_RTT_Init
 .text.sd_ble_gap_addr_get
                0x000000000002b2ac        0x4 Output/Release/Obj/ble_app_uart_pca10056_s140/ble_advdata.o
 .text.sd_ble_gap_appearance_get
                0x000000000002b2b0        0x4 Output/Release/Obj/ble_app_uart_pca10056_s140/ble_advdata.o
 .text.sd_ble_gap_device_name_get
                0x000000000002b2b4        0x4 Output/Release/Obj/ble_app_uart_pca10056_s140/ble_advdata.o
 .text.sd_ble_uuid_encode
                0x000000000002b2b8        0x4 Output/Release/Obj/ble_app_uart_pca10056_s140/ble_advdata.o
 .text.uuid_list_sized_encode
                0x000000000002b2bc       0xac Output/Release/Obj/ble_app_uart_pca10056_s140/ble_advdata.o
 .text.uuid_list_encode
                0x000000000002b368       0x38 Output/Release/Obj/ble_app_uart_pca10056_s140/ble_advdata.o
 .text.ble_advdata_encode
                0x000000000002b3a0      0x394 Output/Release/Obj/ble_app_uart_pca10056_s140/ble_advdata.o
                0x000000000002b3a0                ble_advdata_encode
 .text.ble_advdata_search
                0x000000000002b734       0x48 Output/Release/Obj/ble_app_uart_pca10056_s140/ble_advdata.o
                0x000000000002b734                ble_advdata_search
 .text.ble_advdata_parse
                0x000000000002b77c       0x20 Output/Release/Obj/ble_app_uart_pca10056_s140/ble_advdata.o
                0x000000000002b77c                ble_advdata_parse
 .text.sd_ble_gap_adv_set_configure
                0x000000000002b79c        0x4 Output/Release/Obj/ble_app_uart_pca10056_s140/ble_advertising.o
 .text.sd_ble_gap_adv_start
                0x000000000002b7a0        0x4 Output/Release/Obj/ble_app_uart_pca10056_s140/ble_advertising.o
 .text.sd_ble_gap_adv_stop
                0x000000000002b7a4        0x4 Output/Release/Obj/ble_app_uart_pca10056_s140/ble_advertising.o
 .text.flags_set
                0x000000000002b7a8       0x2c Output/Release/Obj/ble_app_uart_pca10056_s140/ble_advertising.o
 .text.ble_advertising_conn_cfg_tag_set
                0x000000000002b7d4        0x6 Output/Release/Obj/ble_app_uart_pca10056_s140/ble_advertising.o
                0x000000000002b7d4                ble_advertising_conn_cfg_tag_set
 .text.ble_advertising_init
                0x000000000002b7da       0xea Output/Release/Obj/ble_app_uart_pca10056_s140/ble_advertising.o
                0x000000000002b7da                ble_advertising_init
 .text.ble_advertising_start
                0x000000000002b8c4      0x21e Output/Release/Obj/ble_app_uart_pca10056_s140/ble_advertising.o
                0x000000000002b8c4                ble_advertising_start
 .text.ble_advertising_on_ble_evt
                0x000000000002bae2       0x6a Output/Release/Obj/ble_app_uart_pca10056_s140/ble_advertising.o
                0x000000000002bae2                ble_advertising_on_ble_evt
 .text.ble_advertising_restart_without_whitelist
                0x000000000002bb4c       0x3c Output/Release/Obj/ble_app_uart_pca10056_s140/ble_advertising.o
                0x000000000002bb4c                ble_advertising_restart_without_whitelist
 .text.sd_ble_gap_conn_param_update
                0x000000000002bb88        0x4 Output/Release/Obj/ble_app_uart_pca10056_s140/ble_conn_params.o
 .text.sd_ble_gap_disconnect
                0x000000000002bb8c        0x4 Output/Release/Obj/ble_app_uart_pca10056_s140/ble_conn_params.o
 .text.sd_ble_gap_ppcp_set
                0x000000000002bb90        0x4 Output/Release/Obj/ble_app_uart_pca10056_s140/ble_conn_params.o
 .text.sd_ble_gap_ppcp_get
                0x000000000002bb94        0x4 Output/Release/Obj/ble_app_uart_pca10056_s140/ble_conn_params.o
 .text.instance_get
                0x000000000002bb98       0x14 Output/Release/Obj/ble_app_uart_pca10056_s140/ble_conn_params.o
 .text.send_error_evt
                0x000000000002bbac       0x10 Output/Release/Obj/ble_app_uart_pca10056_s140/ble_conn_params.o
 .text.update_timeout_handler
                0x000000000002bbbc       0x70 Output/Release/Obj/ble_app_uart_pca10056_s140/ble_conn_params.o
 .text.conn_params_negotiation
                0x000000000002bc2c       0x48 Output/Release/Obj/ble_app_uart_pca10056_s140/ble_conn_params.o
 .text.is_conn_params_ok.constprop.0
                0x000000000002bc74       0x32 Output/Release/Obj/ble_app_uart_pca10056_s140/ble_conn_params.o
 *fill*         0x000000000002bca6        0x2 
 .text.ble_evt_handler
                0x000000000002bca8       0xe0 Output/Release/Obj/ble_app_uart_pca10056_s140/ble_conn_params.o
 .text.ble_conn_params_init
                0x000000000002bd88       0x74 Output/Release/Obj/ble_app_uart_pca10056_s140/ble_conn_params.o
                0x000000000002bd88                ble_conn_params_init
 .text.flag_toggle
                0x000000000002bdfc        0xa Output/Release/Obj/ble_app_uart_pca10056_s140/ble_conn_state.o
 .text.conn_handle_list_get
                0x000000000002be06       0x2e Output/Release/Obj/ble_app_uart_pca10056_s140/ble_conn_state.o
                0x000000000002be06                conn_handle_list_get
 .text.ble_evt_handler
                0x000000000002be34      0x110 Output/Release/Obj/ble_app_uart_pca10056_s140/ble_conn_state.o
 .text.ble_conn_state_valid
                0x000000000002bf44       0x14 Output/Release/Obj/ble_app_uart_pca10056_s140/ble_conn_state.o
                0x000000000002bf44                ble_conn_state_valid
 .text.ble_conn_state_conn_idx
                0x000000000002bf58       0x12 Output/Release/Obj/ble_app_uart_pca10056_s140/ble_conn_state.o
                0x000000000002bf58                ble_conn_state_conn_idx
 .text.blcm_link_ctx_get
                0x000000000002bf6a       0x4e Output/Release/Obj/ble_app_uart_pca10056_s140/ble_link_ctx_manager.o
                0x000000000002bf6a                blcm_link_ctx_get
 .text.sd_ble_gatts_characteristic_add
                0x000000000002bfb8        0x4 Output/Release/Obj/ble_app_uart_pca10056_s140/ble_srv_common.o
 .text.set_security_req
                0x000000000002bfbc       0x2a Output/Release/Obj/ble_app_uart_pca10056_s140/ble_srv_common.o
 .text.ble_srv_is_notification_enabled
                0x000000000002bfe6        0x8 Output/Release/Obj/ble_app_uart_pca10056_s140/ble_srv_common.o
                0x000000000002bfe6                ble_srv_is_notification_enabled
 .text.characteristic_add
                0x000000000002bfee      0x148 Output/Release/Obj/ble_app_uart_pca10056_s140/ble_srv_common.o
                0x000000000002bfee                characteristic_add
 .text.sd_ble_gap_data_length_update
                0x000000000002c136        0x4 Output/Release/Obj/ble_app_uart_pca10056_s140/nrf_ble_gatt.o
 .text.sd_ble_gattc_exchange_mtu_request
                0x000000000002c13a        0x4 Output/Release/Obj/ble_app_uart_pca10056_s140/nrf_ble_gatt.o
 .text.sd_ble_gatts_exchange_mtu_reply
                0x000000000002c13e        0x4 Output/Release/Obj/ble_app_uart_pca10056_s140/nrf_ble_gatt.o
 *fill*         0x000000000002c142        0x2 
 .text.data_length_update
                0x000000000002c144       0x84 Output/Release/Obj/ble_app_uart_pca10056_s140/nrf_ble_gatt.o
 .text.nrf_ble_gatt_init
                0x000000000002c1c8       0x28 Output/Release/Obj/ble_app_uart_pca10056_s140/nrf_ble_gatt.o
                0x000000000002c1c8                nrf_ble_gatt_init
 .text.nrf_ble_gatt_att_mtu_periph_set
                0x000000000002c1f0       0x18 Output/Release/Obj/ble_app_uart_pca10056_s140/nrf_ble_gatt.o
                0x000000000002c1f0                nrf_ble_gatt_att_mtu_periph_set
 .text.nrf_ble_gatt_on_ble_evt
                0x000000000002c208      0x1b0 Output/Release/Obj/ble_app_uart_pca10056_s140/nrf_ble_gatt.o
                0x000000000002c208                nrf_ble_gatt_on_ble_evt
 .text.sd_ble_gatts_rw_authorize_reply
                0x000000000002c3b8        0x4 Output/Release/Obj/ble_app_uart_pca10056_s140/nrf_ble_qwr.o
 .text.sd_ble_user_mem_reply
                0x000000000002c3bc        0x4 Output/Release/Obj/ble_app_uart_pca10056_s140/nrf_ble_qwr.o
 .text.user_mem_reply.part.0
                0x000000000002c3c0       0x24 Output/Release/Obj/ble_app_uart_pca10056_s140/nrf_ble_qwr.o
 .text.nrf_ble_qwr_init
                0x000000000002c3e4       0x24 Output/Release/Obj/ble_app_uart_pca10056_s140/nrf_ble_qwr.o
                0x000000000002c3e4                nrf_ble_qwr_init
 .text.nrf_ble_qwr_conn_handle_assign
                0x000000000002c408       0x16 Output/Release/Obj/ble_app_uart_pca10056_s140/nrf_ble_qwr.o
                0x000000000002c408                nrf_ble_qwr_conn_handle_assign
 .text.nrf_ble_qwr_on_ble_evt
                0x000000000002c41e       0xa6 Output/Release/Obj/ble_app_uart_pca10056_s140/nrf_ble_qwr.o
                0x000000000002c41e                nrf_ble_qwr_on_ble_evt
 .text.sd_ble_gatts_service_add
                0x000000000002c4c4        0x4 Output/Release/Obj/ble_app_uart_pca10056_s140/ble_nus.o
 .text.sd_ble_gatts_value_get
                0x000000000002c4c8        0x4 Output/Release/Obj/ble_app_uart_pca10056_s140/ble_nus.o
 .text.sd_ble_gatts_hvx
                0x000000000002c4cc        0x4 Output/Release/Obj/ble_app_uart_pca10056_s140/ble_nus.o
 .text.sd_ble_uuid_vs_add
                0x000000000002c4d0        0x4 Output/Release/Obj/ble_app_uart_pca10056_s140/ble_nus.o
 .text.ble_nus_on_ble_evt
                0x000000000002c4d4      0x130 Output/Release/Obj/ble_app_uart_pca10056_s140/ble_nus.o
                0x000000000002c4d4                ble_nus_on_ble_evt
 .text.ble_nus_init
                0x000000000002c604       0xf4 Output/Release/Obj/ble_app_uart_pca10056_s140/ble_nus.o
                0x000000000002c604                ble_nus_init
 .text.ble_nus_data_send
                0x000000000002c6f8       0x64 Output/Release/Obj/ble_app_uart_pca10056_s140/ble_nus.o
                0x000000000002c6f8                ble_nus_data_send
 .text.sd_softdevice_enable
                0x000000000002c75c        0x4 Output/Release/Obj/ble_app_uart_pca10056_s140/nrf_sdh.o
 .text.sdh_request_observer_notify
                0x000000000002c760       0x30 Output/Release/Obj/ble_app_uart_pca10056_s140/nrf_sdh.o
 .text.sdh_state_observer_notify
                0x000000000002c790       0x28 Output/Release/Obj/ble_app_uart_pca10056_s140/nrf_sdh.o
 .text.softdevices_evt_irq_enable
                0x000000000002c7b8       0x38 Output/Release/Obj/ble_app_uart_pca10056_s140/nrf_sdh.o
 .text.nrf_sdh_enable_request
                0x000000000002c7f0       0x7c Output/Release/Obj/ble_app_uart_pca10056_s140/nrf_sdh.o
                0x000000000002c7f0                nrf_sdh_enable_request
 .text.nrf_sdh_is_enabled
                0x000000000002c86c        0xc Output/Release/Obj/ble_app_uart_pca10056_s140/nrf_sdh.o
                0x000000000002c86c                nrf_sdh_is_enabled
 .text.nrf_sdh_evts_poll
                0x000000000002c878       0x28 Output/Release/Obj/ble_app_uart_pca10056_s140/nrf_sdh.o
                0x000000000002c878                nrf_sdh_evts_poll
 .text.SWI2_EGU2_IRQHandler
                0x000000000002c8a0        0x4 Output/Release/Obj/ble_app_uart_pca10056_s140/nrf_sdh.o
                0x000000000002c8a0                SWI2_EGU2_IRQHandler
 .text.sd_ble_enable
                0x000000000002c8a4        0x4 Output/Release/Obj/ble_app_uart_pca10056_s140/nrf_sdh_ble.o
 .text.sd_ble_cfg_set
                0x000000000002c8a8        0x4 Output/Release/Obj/ble_app_uart_pca10056_s140/nrf_sdh_ble.o
 .text.sd_ble_evt_get
                0x000000000002c8ac        0x4 Output/Release/Obj/ble_app_uart_pca10056_s140/nrf_sdh_ble.o
 .text.nrf_sdh_ble_evts_poll.part.0
                0x000000000002c8b0       0x54 Output/Release/Obj/ble_app_uart_pca10056_s140/nrf_sdh_ble.o
 .text.nrf_sdh_ble_evts_poll
                0x000000000002c904       0x10 Output/Release/Obj/ble_app_uart_pca10056_s140/nrf_sdh_ble.o
 .text.nrf_sdh_ble_default_cfg_set
                0x000000000002c914      0x180 Output/Release/Obj/ble_app_uart_pca10056_s140/nrf_sdh_ble.o
                0x000000000002c914                nrf_sdh_ble_default_cfg_set
 .text.nrf_sdh_ble_enable
                0x000000000002ca94       0x98 Output/Release/Obj/ble_app_uart_pca10056_s140/nrf_sdh_ble.o
                0x000000000002ca94                nrf_sdh_ble_enable
 .text.sd_evt_get
                0x000000000002cb2c        0x4 Output/Release/Obj/ble_app_uart_pca10056_s140/nrf_sdh_soc.o
 .text.nrf_sdh_soc_evts_poll
                0x000000000002cb30       0x40 Output/Release/Obj/ble_app_uart_pca10056_s140/nrf_sdh_soc.o
 .text.libc.putchar
                0x000000000002cb70        0xe C:/Program Files/SEGGER/SEGGER Embedded Studio for ARM 6.22a/lib/libc_v7em_fpv4_sp_d16_hard_t_le_eabi_balanced.a(fileops.o)
                0x000000000002cb70                putchar
 .text.libc.fputc
                0x000000000002cb7e       0x24 C:/Program Files/SEGGER/SEGGER Embedded Studio for ARM 6.22a/lib/libc_v7em_fpv4_sp_d16_hard_t_le_eabi_balanced.a(fileops.o)
                0x000000000002cb7e                fputc
 .text.libc.puts
                0x000000000002cba2       0x30 C:/Program Files/SEGGER/SEGGER Embedded Studio for ARM 6.22a/lib/libc_v7em_fpv4_sp_d16_hard_t_le_eabi_balanced.a(fileops.o)
                0x000000000002cba2                puts
 .text.libc.fwrite
                0x000000000002cbd2       0x2e C:/Program Files/SEGGER/SEGGER Embedded Studio for ARM 6.22a/lib/libc_v7em_fpv4_sp_d16_hard_t_le_eabi_balanced.a(fileops.o)
                0x000000000002cbd2                fwrite
 .text.libc.__aeabi_uldivmod
                0x000000000002cc00      0x130 C:/Program Files/SEGGER/SEGGER Embedded Studio for ARM 6.22a/lib/libc_v7em_fpv4_sp_d16_hard_t_le_eabi_balanced.a(intasmops_arm.o)
                0x000000000002cc00                __aeabi_uldivmod
 .text.libc.__SEGGER_RTL_ascii_mbtowc
                0x000000000002cd30       0x36 C:/Program Files/SEGGER/SEGGER Embedded Studio for ARM 6.22a/lib/libc_v7em_fpv4_sp_d16_hard_t_le_eabi_balanced.a(mbops.o)
                0x000000000002cd30                __SEGGER_RTL_ascii_mbtowc
 .text.libc.__SEGGER_RTL_ascii_wctomb
                0x000000000002cd66       0x18 C:/Program Files/SEGGER/SEGGER Embedded Studio for ARM 6.22a/lib/libc_v7em_fpv4_sp_d16_hard_t_le_eabi_balanced.a(mbops.o)
                0x000000000002cd66                __SEGGER_RTL_ascii_wctomb
 .text.libc.isprint
                0x000000000002cd7e       0x14 C:/Program Files/SEGGER/SEGGER Embedded Studio for ARM 6.22a/lib/libc_v7em_fpv4_sp_d16_hard_t_le_eabi_balanced.a(mbops.o)
                0x000000000002cd7e                isprint
 .text.libc.__SEGGER_RTL_ascii_isctype
                0x000000000002cd92       0x20 C:/Program Files/SEGGER/SEGGER Embedded Studio for ARM 6.22a/lib/libc_v7em_fpv4_sp_d16_hard_t_le_eabi_balanced.a(mbops.o)
 .text.libc.__SEGGER_RTL_ascii_toupper
                0x000000000002cdb2        0xc C:/Program Files/SEGGER/SEGGER Embedded Studio for ARM 6.22a/lib/libc_v7em_fpv4_sp_d16_hard_t_le_eabi_balanced.a(mbops.o)
 .text.libc.__SEGGER_RTL_ascii_tolower
                0x000000000002cdbe        0xc C:/Program Files/SEGGER/SEGGER Embedded Studio for ARM 6.22a/lib/libc_v7em_fpv4_sp_d16_hard_t_le_eabi_balanced.a(mbops.o)
 .text.libc.__SEGGER_RTL_ascii_iswctype
                0x000000000002cdca       0x20 C:/Program Files/SEGGER/SEGGER Embedded Studio for ARM 6.22a/lib/libc_v7em_fpv4_sp_d16_hard_t_le_eabi_balanced.a(mbops.o)
 .text.libc.__SEGGER_RTL_ascii_towupper
                0x000000000002cdea        0xc C:/Program Files/SEGGER/SEGGER Embedded Studio for ARM 6.22a/lib/libc_v7em_fpv4_sp_d16_hard_t_le_eabi_balanced.a(mbops.o)
 .text.libc.__SEGGER_RTL_ascii_towlower
                0x000000000002cdf6        0xc C:/Program Files/SEGGER/SEGGER Embedded Studio for ARM 6.22a/lib/libc_v7em_fpv4_sp_d16_hard_t_le_eabi_balanced.a(mbops.o)
 *fill*         0x000000000002ce02        0x2 
 .text.libc.strcpy
                0x000000000002ce04       0x38 C:/Program Files/SEGGER/SEGGER Embedded Studio for ARM 6.22a/lib/libc_v7em_fpv4_sp_d16_hard_t_le_eabi_balanced.a(strasmops_arm.o)
                0x000000000002ce04                strcpy
 .text.libc.strlen
                0x000000000002ce3c       0x60 C:/Program Files/SEGGER/SEGGER Embedded Studio for ARM 6.22a/lib/libc_v7em_fpv4_sp_d16_hard_t_le_eabi_balanced.a(strasmops_arm.o)
                0x000000000002ce3c                strlen
 .text.libc.memcpy
                0x000000000002ce9c       0x4c C:/Program Files/SEGGER/SEGGER Embedded Studio for ARM 6.22a/lib/libc_v7em_fpv4_sp_d16_hard_t_le_eabi_balanced.a(strasmops_arm.o)
                0x000000000002ce9c                __aeabi_memcpy
                0x000000000002ce9c                memcpy
                0x000000000002cea8                __aeabi_memcpy8
                0x000000000002cea8                __aeabi_memcpy4
 .text.libc.__aeabi_memclr
                0x000000000002cee8       0x6c C:/Program Files/SEGGER/SEGGER Embedded Studio for ARM 6.22a/lib/libc_v7em_fpv4_sp_d16_hard_t_le_eabi_balanced.a(strasmops_arm.o)
                0x000000000002cee8                __aeabi_memclr8
                0x000000000002cee8                __aeabi_memclr
                0x000000000002cee8                __aeabi_memclr4
                0x000000000002ceea                __aeabi_memset4
                0x000000000002ceea                __aeabi_memset8
                0x000000000002ceea                __aeabi_memset
                0x000000000002cef0                memset
 .text.__SEGGER_RTL_X_file_stat
                0x000000000002cf54       0x30 C:/Program Files/SEGGER/SEGGER Embedded Studio for ARM 6.22a/lib/prinops_rtt_v7em_little.a(prinops_rtt.o)
                0x000000000002cf54                __SEGGER_RTL_X_file_stat
 .text.__SEGGER_RTL_X_file_write
                0x000000000002cf84        0x8 C:/Program Files/SEGGER/SEGGER Embedded Studio for ARM 6.22a/lib/prinops_rtt_v7em_little.a(prinops_rtt.o)
                0x000000000002cf84                __SEGGER_RTL_X_file_write
 .text.__SEGGER_RTL_init_heap
                0x000000000002cf8c       0x14 C:/Program Files/SEGGER/SEGGER Embedded Studio for ARM 6.22a/lib/heapops_basic_v7em_little.a(heapops_basic.o)
                0x000000000002cf8c                __SEGGER_RTL_init_heap
                0x000000000002cfa0                __text_end__ = (__text_start__ + SIZEOF (.text))
                0x0000000000005bd4                __text_size__ = SIZEOF (.text)
                0x000000000002cfa0                __text_load_end__ = __text_end__

.vfp11_veneer   0x0000000100000000        0x0
 .vfp11_veneer  0x0000000100000000        0x0 linker stubs

.v4_bx          0x0000000100000000        0x0
 .v4_bx         0x0000000100000000        0x0 linker stubs

.iplt           0x0000000100000000        0x0
 .iplt          0x0000000100000000        0x0 Output/Release/Obj/ble_app_uart_pca10056_s140/thumb_crt0.o
                0x0000000000000001                . = ASSERT (((__text_start__ == __text_end__) || ((__text_end__ - __FLASH_segment_start__) <= __FLASH_segment_size__)), error: .text is too large to fit in FLASH memory segment)
                0x000000000002cfa0                __sdh_soc_observers_load_start__ = ALIGN (__text_end__, 0x4)

.sdh_soc_observers
                0x000000000002cfa0        0x8
                0x000000000002cfa0                __sdh_soc_observers_start__ = .
                0x000000000002cfa0                __start_sdh_soc_observers = __sdh_soc_observers_start__
 *(SORT_BY_NAME(.sdh_soc_observers*))
 .sdh_soc_observers0
                0x000000000002cfa0        0x8 Output/Release/Obj/ble_app_uart_pca10056_s140/nrf_drv_clock.o
                0x000000000002cfa8                __sdh_soc_observers_end__ = (__sdh_soc_observers_start__ + SIZEOF (.sdh_soc_observers))
                0x0000000000000008                __sdh_soc_observers_size__ = SIZEOF (.sdh_soc_observers)
                0x000000000002cfa8                __stop_sdh_soc_observers = __sdh_soc_observers_end__
                0x000000000002cfa8                __sdh_soc_observers_load_end__ = __sdh_soc_observers_end__
                0x0000000000000001                . = ASSERT (((__sdh_soc_observers_start__ == __sdh_soc_observers_end__) || ((__sdh_soc_observers_end__ - __FLASH_segment_start__) <= __FLASH_segment_size__)), error: .sdh_soc_observers is too large to fit in FLASH memory segment)
                0x000000000002cfa8                __sdh_ble_observers_load_start__ = ALIGN (__sdh_soc_observers_end__, 0x4)

.sdh_ble_observers
                0x000000000002cfa8       0x40
                0x000000000002cfa8                __sdh_ble_observers_start__ = .
                0x000000000002cfa8                __start_sdh_ble_observers = __sdh_ble_observers_start__
 *(SORT_BY_NAME(.sdh_ble_observers*))
 .sdh_ble_observers0
                0x000000000002cfa8        0x8 Output/Release/Obj/ble_app_uart_pca10056_s140/ble_conn_state.o
 .sdh_ble_observers1
                0x000000000002cfb0        0x8 Output/Release/Obj/ble_app_uart_pca10056_s140/bsp_btn_ble.o
 .sdh_ble_observers1
                0x000000000002cfb8       0x10 Output/Release/Obj/ble_app_uart_pca10056_s140/main.o
 .sdh_ble_observers1
                0x000000000002cfc8        0x8 Output/Release/Obj/ble_app_uart_pca10056_s140/ble_conn_params.o
 .sdh_ble_observers2
                0x000000000002cfd0       0x10 Output/Release/Obj/ble_app_uart_pca10056_s140/main.o
 .sdh_ble_observers3
                0x000000000002cfe0        0x8 Output/Release/Obj/ble_app_uart_pca10056_s140/main.o
                0x000000000002cfe8                __sdh_ble_observers_end__ = (__sdh_ble_observers_start__ + SIZEOF (.sdh_ble_observers))
                0x0000000000000040                __sdh_ble_observers_size__ = SIZEOF (.sdh_ble_observers)
                0x000000000002cfe8                __stop_sdh_ble_observers = __sdh_ble_observers_end__
                0x000000000002cfe8                __sdh_ble_observers_load_end__ = __sdh_ble_observers_end__
                0x0000000000000001                . = ASSERT (((__sdh_ble_observers_start__ == __sdh_ble_observers_end__) || ((__sdh_ble_observers_end__ - __FLASH_segment_start__) <= __FLASH_segment_size__)), error: .sdh_ble_observers is too large to fit in FLASH memory segment)
                0x000000000002cfe8                __pwr_mgmt_data_load_start__ = ALIGN (__sdh_ble_observers_end__, 0x4)

.pwr_mgmt_data  0x000000000002cfe8        0x0
                0x000000000002cfe8                __pwr_mgmt_data_start__ = .
                0x000000000002cfe8                __start_pwr_mgmt_data = __pwr_mgmt_data_start__
 *(SORT_BY_NAME(.pwr_mgmt_data*))
                0x000000000002cfe8                __pwr_mgmt_data_end__ = (__pwr_mgmt_data_start__ + SIZEOF (.pwr_mgmt_data))
                0x0000000000000000                __pwr_mgmt_data_size__ = SIZEOF (.pwr_mgmt_data)
                0x000000000002cfe8                __stop_pwr_mgmt_data = __pwr_mgmt_data_end__
                0x000000000002cfe8                __pwr_mgmt_data_load_end__ = __pwr_mgmt_data_end__
                0x0000000000000001                . = ASSERT (((__pwr_mgmt_data_start__ == __pwr_mgmt_data_end__) || ((__pwr_mgmt_data_end__ - __FLASH_segment_start__) <= __FLASH_segment_size__)), error: .pwr_mgmt_data is too large to fit in FLASH memory segment)
                0x000000000002cfe8                __sdh_req_observers_load_start__ = ALIGN (__pwr_mgmt_data_end__, 0x4)

.sdh_req_observers
                0x000000000002cfe8        0x0
                0x000000000002cfe8                __sdh_req_observers_start__ = .
                0x000000000002cfe8                __start_sdh_req_observers = __sdh_req_observers_start__
 *(SORT_BY_NAME(.sdh_req_observers*))
                0x000000000002cfe8                __sdh_req_observers_end__ = (__sdh_req_observers_start__ + SIZEOF (.sdh_req_observers))
                0x0000000000000000                __sdh_req_observers_size__ = SIZEOF (.sdh_req_observers)
                0x000000000002cfe8                __stop_sdh_req_observers = __sdh_req_observers_end__
                0x000000000002cfe8                __sdh_req_observers_load_end__ = __sdh_req_observers_end__
                0x0000000000000001                . = ASSERT (((__sdh_req_observers_start__ == __sdh_req_observers_end__) || ((__sdh_req_observers_end__ - __FLASH_segment_start__) <= __FLASH_segment_size__)), error: .sdh_req_observers is too large to fit in FLASH memory segment)
                0x000000000002cfe8                __sdh_state_observers_load_start__ = ALIGN (__sdh_req_observers_end__, 0x4)

.sdh_state_observers
                0x000000000002cfe8        0x8
                0x000000000002cfe8                __sdh_state_observers_start__ = .
                0x000000000002cfe8                __start_sdh_state_observers = __sdh_state_observers_start__
 *(SORT_BY_NAME(.sdh_state_observers*))
 .sdh_state_observers0
                0x000000000002cfe8        0x8 Output/Release/Obj/ble_app_uart_pca10056_s140/nrf_drv_clock.o
                0x000000000002cff0                __sdh_state_observers_end__ = (__sdh_state_observers_start__ + SIZEOF (.sdh_state_observers))
                0x0000000000000008                __sdh_state_observers_size__ = SIZEOF (.sdh_state_observers)
                0x000000000002cff0                __stop_sdh_state_observers = __sdh_state_observers_end__
                0x000000000002cff0                __sdh_state_observers_load_end__ = __sdh_state_observers_end__
                0x0000000000000001                . = ASSERT (((__sdh_state_observers_start__ == __sdh_state_observers_end__) || ((__sdh_state_observers_end__ - __FLASH_segment_start__) <= __FLASH_segment_size__)), error: .sdh_state_observers is too large to fit in FLASH memory segment)
                0x000000000002cff0                __sdh_stack_observers_load_start__ = ALIGN (__sdh_state_observers_end__, 0x4)

.sdh_stack_observers
                0x000000000002cff0       0x10
                0x000000000002cff0                __sdh_stack_observers_start__ = .
                0x000000000002cff0                __start_sdh_stack_observers = __sdh_stack_observers_start__
 *(SORT_BY_NAME(.sdh_stack_observers*))
 .sdh_stack_observers0
                0x000000000002cff0        0x8 Output/Release/Obj/ble_app_uart_pca10056_s140/nrf_sdh_ble.o
 .sdh_stack_observers0
                0x000000000002cff8        0x8 Output/Release/Obj/ble_app_uart_pca10056_s140/nrf_sdh_soc.o
                0x000000000002d000                __sdh_stack_observers_end__ = (__sdh_stack_observers_start__ + SIZEOF (.sdh_stack_observers))
                0x0000000000000010                __sdh_stack_observers_size__ = SIZEOF (.sdh_stack_observers)
                0x000000000002d000                __stop_sdh_stack_observers = __sdh_stack_observers_end__
                0x000000000002d000                __sdh_stack_observers_load_end__ = __sdh_stack_observers_end__
                0x0000000000000001                . = ASSERT (((__sdh_stack_observers_start__ == __sdh_stack_observers_end__) || ((__sdh_stack_observers_end__ - __FLASH_segment_start__) <= __FLASH_segment_size__)), error: .sdh_stack_observers is too large to fit in FLASH memory segment)
                0x000000000002d000                __nrf_queue_load_start__ = ALIGN (__sdh_stack_observers_end__, 0x4)

.nrf_queue      0x000000000002d000        0x0
                0x000000000002d000                __nrf_queue_start__ = .
                0x000000000002d000                __start_nrf_queue = __nrf_queue_start__
 *(.nrf_queue*)
                0x000000000002d000                __nrf_queue_end__ = (__nrf_queue_start__ + SIZEOF (.nrf_queue))
                0x0000000000000000                __nrf_queue_size__ = SIZEOF (.nrf_queue)
                0x000000000002d000                __stop_nrf_queue = __nrf_queue_end__
                0x000000000002d000                __nrf_queue_load_end__ = __nrf_queue_end__
                0x0000000000000001                . = ASSERT (((__nrf_queue_start__ == __nrf_queue_end__) || ((__nrf_queue_end__ - __FLASH_segment_start__) <= __FLASH_segment_size__)), error: .nrf_queue is too large to fit in FLASH memory segment)
                0x000000000002d000                __nrf_balloc_load_start__ = ALIGN (__nrf_queue_end__, 0x4)

.nrf_balloc     0x000000000002d000       0x14
                0x000000000002d000                __nrf_balloc_start__ = .
                0x000000000002d000                __start_nrf_balloc = __nrf_balloc_start__
 *(.nrf_balloc*)
 .nrf_balloc    0x000000000002d000       0x14 Output/Release/Obj/ble_app_uart_pca10056_s140/nrf_log_frontend.o
                0x000000000002d000                log_mempool
                0x000000000002d014                __nrf_balloc_end__ = (__nrf_balloc_start__ + SIZEOF (.nrf_balloc))
                0x0000000000000014                __nrf_balloc_size__ = SIZEOF (.nrf_balloc)
                0x000000000002d014                __stop_nrf_balloc = __nrf_balloc_end__
                0x000000000002d014                __nrf_balloc_load_end__ = __nrf_balloc_end__
                0x0000000000000001                . = ASSERT (((__nrf_balloc_start__ == __nrf_balloc_end__) || ((__nrf_balloc_end__ - __FLASH_segment_start__) <= __FLASH_segment_size__)), error: .nrf_balloc is too large to fit in FLASH memory segment)
                0x000000000002d014                __cli_command_load_start__ = ALIGN (__nrf_balloc_end__, 0x4)

.cli_command    0x000000000002d014        0x0
                0x000000000002d014                __cli_command_start__ = .
                0x000000000002d014                __start_cli_command = __cli_command_start__
 *(.cli_command*)
                0x000000000002d014                __cli_command_end__ = (__cli_command_start__ + SIZEOF (.cli_command))
                0x0000000000000000                __cli_command_size__ = SIZEOF (.cli_command)
                0x000000000002d014                __stop_cli_command = __cli_command_end__
                0x000000000002d014                __cli_command_load_end__ = __cli_command_end__
                0x0000000000000001                . = ASSERT (((__cli_command_start__ == __cli_command_end__) || ((__cli_command_end__ - __FLASH_segment_start__) <= __FLASH_segment_size__)), error: .cli_command is too large to fit in FLASH memory segment)
                0x000000000002d014                __crypto_data_load_start__ = ALIGN (__cli_command_end__, 0x4)

.crypto_data    0x000000000002d014        0x0
                0x000000000002d014                __crypto_data_start__ = .
                0x000000000002d014                __start_crypto_data = __crypto_data_start__
 *(SORT_BY_NAME(.crypto_data*))
                0x000000000002d014                __crypto_data_end__ = (__crypto_data_start__ + SIZEOF (.crypto_data))
                0x0000000000000000                __crypto_data_size__ = SIZEOF (.crypto_data)
                0x000000000002d014                __stop_crypto_data = __crypto_data_end__
                0x000000000002d014                __crypto_data_load_end__ = __crypto_data_end__
                0x0000000000000001                . = ASSERT (((__crypto_data_start__ == __crypto_data_end__) || ((__crypto_data_end__ - __FLASH_segment_start__) <= __FLASH_segment_size__)), error: .crypto_data is too large to fit in FLASH memory segment)
                0x000000000002d014                __log_const_data_load_start__ = ALIGN (__crypto_data_end__, 0x4)

.log_const_data
                0x000000000002d014       0x80
                0x000000000002d014                __log_const_data_start__ = .
                0x000000000002d014                __start_log_const_data = __log_const_data_start__
 *(SORT_BY_NAME(.log_const_data*))
 .log_const_data_CLOCK
                0x000000000002d014        0x8 Output/Release/Obj/ble_app_uart_pca10056_s140/nrfx_clock.o
                0x000000000002d014                m_nrf_log_CLOCK_logs_data_const
 .log_const_data_GPIOTE
                0x000000000002d01c        0x8 Output/Release/Obj/ble_app_uart_pca10056_s140/nrfx_gpiote.o
                0x000000000002d01c                m_nrf_log_GPIOTE_logs_data_const
 .log_const_data_PRS
                0x000000000002d024        0x8 Output/Release/Obj/ble_app_uart_pca10056_s140/nrfx_prs.o
                0x000000000002d024                m_nrf_log_PRS_logs_data_const
 .log_const_data_UART
                0x000000000002d02c        0x8 Output/Release/Obj/ble_app_uart_pca10056_s140/nrfx_uart.o
                0x000000000002d02c                m_nrf_log_UART_logs_data_const
 .log_const_data_UARTE
                0x000000000002d034        0x8 Output/Release/Obj/ble_app_uart_pca10056_s140/nrfx_uarte.o
                0x000000000002d034                m_nrf_log_UARTE_logs_data_const
 .log_const_data_app
                0x000000000002d03c        0x8 Output/Release/Obj/ble_app_uart_pca10056_s140/nrf_log_frontend.o
                0x000000000002d03c                m_nrf_log_app_logs_data_const
 .log_const_data_app_button
                0x000000000002d044        0x8 Output/Release/Obj/ble_app_uart_pca10056_s140/app_button.o
                0x000000000002d044                m_nrf_log_app_button_logs_data_const
 .log_const_data_app_timer
                0x000000000002d04c        0x8 Output/Release/Obj/ble_app_uart_pca10056_s140/app_timer2.o
                0x000000000002d04c                m_nrf_log_app_timer_logs_data_const
 .log_const_data_ble_nus
                0x000000000002d054        0x8 Output/Release/Obj/ble_app_uart_pca10056_s140/ble_nus.o
                0x000000000002d054                m_nrf_log_ble_nus_logs_data_const
 .log_const_data_clock
                0x000000000002d05c        0x8 Output/Release/Obj/ble_app_uart_pca10056_s140/nrf_drv_clock.o
                0x000000000002d05c                m_nrf_log_clock_logs_data_const
 .log_const_data_nrf_ble_gatt
                0x000000000002d064        0x8 Output/Release/Obj/ble_app_uart_pca10056_s140/nrf_ble_gatt.o
                0x000000000002d064                m_nrf_log_nrf_ble_gatt_logs_data_const
 .log_const_data_nrf_sdh
                0x000000000002d06c        0x8 Output/Release/Obj/ble_app_uart_pca10056_s140/nrf_sdh.o
                0x000000000002d06c                m_nrf_log_nrf_sdh_logs_data_const
 .log_const_data_nrf_sdh_ble
                0x000000000002d074        0x8 Output/Release/Obj/ble_app_uart_pca10056_s140/nrf_sdh_ble.o
                0x000000000002d074                m_nrf_log_nrf_sdh_ble_logs_data_const
 .log_const_data_nrf_sdh_soc
                0x000000000002d07c        0x8 Output/Release/Obj/ble_app_uart_pca10056_s140/nrf_sdh_soc.o
                0x000000000002d07c                m_nrf_log_nrf_sdh_soc_logs_data_const
 .log_const_data_pwr_mgmt
                0x000000000002d084        0x8 Output/Release/Obj/ble_app_uart_pca10056_s140/nrf_pwr_mgmt.o
                0x000000000002d084                m_nrf_log_pwr_mgmt_logs_data_const
 .log_const_data_sortlist
                0x000000000002d08c        0x8 Output/Release/Obj/ble_app_uart_pca10056_s140/nrf_sortlist.o
                0x000000000002d08c                m_nrf_log_sortlist_logs_data_const
                0x000000000002d094                __log_const_data_end__ = (__log_const_data_start__ + SIZEOF (.log_const_data))
                0x0000000000000080                __log_const_data_size__ = SIZEOF (.log_const_data)
                0x000000000002d094                __stop_log_const_data = __log_const_data_end__
                0x000000000002d094                __log_const_data_load_end__ = __log_const_data_end__
                0x0000000000000001                . = ASSERT (((__log_const_data_start__ == __log_const_data_end__) || ((__log_const_data_end__ - __FLASH_segment_start__) <= __FLASH_segment_size__)), error: .log_const_data is too large to fit in FLASH memory segment)
                0x000000000002d094                __log_backends_load_start__ = ALIGN (__log_const_data_end__, 0x4)

.log_backends   0x000000000002d094       0x10
                0x000000000002d094                __log_backends_start__ = .
                0x000000000002d094                __start_log_backends = __log_backends_start__
 *(SORT_BY_NAME(.log_backends*))
 .log_backends  0x000000000002d094       0x10 Output/Release/Obj/ble_app_uart_pca10056_s140/nrf_log_default_backends.o
                0x000000000002d0a4                __log_backends_end__ = (__log_backends_start__ + SIZEOF (.log_backends))
                0x0000000000000010                __log_backends_size__ = SIZEOF (.log_backends)
                0x000000000002d0a4                __stop_log_backends = __log_backends_end__
                0x000000000002d0a4                __log_backends_load_end__ = __log_backends_end__
                0x0000000000000001                . = ASSERT (((__log_backends_start__ == __log_backends_end__) || ((__log_backends_end__ - __FLASH_segment_start__) <= __FLASH_segment_size__)), error: .log_backends is too large to fit in FLASH memory segment)
                0x000000000002d0a4                __nrf_sections_load_start__ = ALIGN (__log_backends_end__, 0x4)

.nrf_sections   0x000000000002d0a4        0x0
                0x000000000002d0a4                __nrf_sections_start__ = .
                0x000000000002d0a4                __start_nrf_sections = __nrf_sections_start__
 *(.nrf_sections .nrf_sections.*)
                0x000000000002d0a4                __nrf_sections_end__ = (__nrf_sections_start__ + SIZEOF (.nrf_sections))
                0x0000000000000000                __nrf_sections_size__ = SIZEOF (.nrf_sections)
                0x000000000002d0a4                __nrf_sections_load_end__ = __nrf_sections_end__
                0x0000000000000001                . = ASSERT (((__nrf_sections_start__ == __nrf_sections_end__) || ((__nrf_sections_end__ - __FLASH_segment_start__) <= __FLASH_segment_size__)), error: .nrf_sections is too large to fit in FLASH memory segment)
                0x000000000002d0a4                __cli_sorted_cmd_ptrs_load_start__ = ALIGN (__nrf_sections_end__, 0x4)

.cli_sorted_cmd_ptrs
                0x0000000020002ae8        0x0 load address 0x000000000002d0a4
                0x0000000020002ae8                __cli_sorted_cmd_ptrs_start__ = .
 *(.cli_sorted_cmd_ptrs*)
                0x0000000020002ae8                __cli_sorted_cmd_ptrs_end__ = (__cli_sorted_cmd_ptrs_start__ + SIZEOF (.cli_sorted_cmd_ptrs))
                0x0000000000000000                __cli_sorted_cmd_ptrs_size__ = SIZEOF (.cli_sorted_cmd_ptrs)
                0x000000000002d0a4                __cli_sorted_cmd_ptrs_load_end__ = (__cli_sorted_cmd_ptrs_load_start__ + SIZEOF (.cli_sorted_cmd_ptrs))
                0x0000000000000001                . = ASSERT (((__cli_sorted_cmd_ptrs_load_start__ == __cli_sorted_cmd_ptrs_load_end__) || ((__cli_sorted_cmd_ptrs_load_end__ - __FLASH_segment_start__) <= __FLASH_segment_size__)), error: .cli_sorted_cmd_ptrs is too large to fit in FLASH memory segment)

.cli_sorted_cmd_ptrs_run
                0x0000000020002ae8        0x0
                0x0000000020002ae8                __cli_sorted_cmd_ptrs_run_start__ = .
                0x0000000020002ae8                __start_cli_sorted_cmd_ptrs = __cli_sorted_cmd_ptrs_run_start__
                0x0000000020002ae8                __cli_sorted_cmd_ptrs_run_end__ = (__cli_sorted_cmd_ptrs_run_start__ + SIZEOF (.cli_sorted_cmd_ptrs))
                0x0000000000000000                __cli_sorted_cmd_ptrs_run_size__ = (__cli_sorted_cmd_ptrs_run_end__ - __cli_sorted_cmd_ptrs_run_start__)
                0x0000000020002ae8                __stop_cli_sorted_cmd_ptrs = __cli_sorted_cmd_ptrs_run_end__
                0x0000000020002ae8                __cli_sorted_cmd_ptrs_run_load_end__ = __cli_sorted_cmd_ptrs_run_end__
                0x0000000000000001                . = ASSERT (((__cli_sorted_cmd_ptrs_run_start__ == __cli_sorted_cmd_ptrs_run_end__) || ((__cli_sorted_cmd_ptrs_run_end__ - __RAM1_segment_start__) <= __RAM1_segment_size__)), error: .cli_sorted_cmd_ptrs_run is too large to fit in RAM1 memory segment)
                0x000000000002d0a4                __fs_data_load_start__ = ALIGN ((__cli_sorted_cmd_ptrs_load_start__ + SIZEOF (.cli_sorted_cmd_ptrs)), 0x4)

.fs_data        0x0000000020002ae8        0x0 load address 0x000000000002d0a4
                0x0000000020002ae8                __fs_data_start__ = .
 *(.fs_data*)
                0x0000000020002ae8                __fs_data_end__ = (__fs_data_start__ + SIZEOF (.fs_data))
                0x0000000000000000                __fs_data_size__ = SIZEOF (.fs_data)
                0x000000000002d0a4                __fs_data_load_end__ = (__fs_data_load_start__ + SIZEOF (.fs_data))
                0x0000000000000001                . = ASSERT (((__fs_data_load_start__ == __fs_data_load_end__) || ((__fs_data_load_end__ - __FLASH_segment_start__) <= __FLASH_segment_size__)), error: .fs_data is too large to fit in FLASH memory segment)

.fs_data_run    0x0000000020002ae8        0x0
                0x0000000020002ae8                __fs_data_run_start__ = .
                0x0000000020002ae8                __start_fs_data = __fs_data_run_start__
                0x0000000020002ae8                __fs_data_run_end__ = (__fs_data_run_start__ + SIZEOF (.fs_data))
                0x0000000000000000                __fs_data_run_size__ = (__fs_data_run_end__ - __fs_data_run_start__)
                0x0000000020002ae8                __stop_fs_data = __fs_data_run_end__
                0x0000000020002ae8                __fs_data_run_load_end__ = __fs_data_run_end__
                0x0000000000000001                . = ASSERT (((__fs_data_run_start__ == __fs_data_run_end__) || ((__fs_data_run_end__ - __RAM1_segment_start__) <= __RAM1_segment_size__)), error: .fs_data_run is too large to fit in RAM1 memory segment)
                0x000000000002d0a4                __log_dynamic_data_load_start__ = ALIGN ((__fs_data_load_start__ + SIZEOF (.fs_data)), 0x4)

.log_dynamic_data
                0x0000000020002ae8        0x0 load address 0x000000000002d0a4
                0x0000000020002ae8                __log_dynamic_data_start__ = .
 *(SORT_BY_NAME(.log_dynamic_data*))
                0x0000000020002ae8                __log_dynamic_data_end__ = (__log_dynamic_data_start__ + SIZEOF (.log_dynamic_data))
                0x0000000000000000                __log_dynamic_data_size__ = SIZEOF (.log_dynamic_data)
                0x000000000002d0a4                __log_dynamic_data_load_end__ = (__log_dynamic_data_load_start__ + SIZEOF (.log_dynamic_data))
                0x0000000000000001                . = ASSERT (((__log_dynamic_data_load_start__ == __log_dynamic_data_load_end__) || ((__log_dynamic_data_load_end__ - __FLASH_segment_start__) <= __FLASH_segment_size__)), error: .log_dynamic_data is too large to fit in FLASH memory segment)

.log_dynamic_data_run
                0x0000000020002ae8        0x0
                0x0000000020002ae8                __log_dynamic_data_run_start__ = .
                0x0000000020002ae8                __start_log_dynamic_data = __log_dynamic_data_run_start__
                0x0000000020002ae8                __log_dynamic_data_run_end__ = (__log_dynamic_data_run_start__ + SIZEOF (.log_dynamic_data))
                0x0000000000000000                __log_dynamic_data_run_size__ = (__log_dynamic_data_run_end__ - __log_dynamic_data_run_start__)
                0x0000000020002ae8                __stop_log_dynamic_data = __log_dynamic_data_run_end__
                0x0000000020002ae8                __log_dynamic_data_run_load_end__ = __log_dynamic_data_run_end__
                0x0000000000000001                . = ASSERT (((__log_dynamic_data_run_start__ == __log_dynamic_data_run_end__) || ((__log_dynamic_data_run_end__ - __RAM1_segment_start__) <= __RAM1_segment_size__)), error: .log_dynamic_data_run is too large to fit in RAM1 memory segment)
                0x000000000002d0a4                __log_filter_data_load_start__ = ALIGN ((__log_dynamic_data_load_start__ + SIZEOF (.log_dynamic_data)), 0x4)

.log_filter_data
                0x0000000020002ae8        0x0 load address 0x000000000002d0a4
                0x0000000020002ae8                __log_filter_data_start__ = .
 *(SORT_BY_NAME(.log_filter_data*))